Archive member included to satisfy reference by file (symbol)

C:/devkitPro/libctru/lib\libctru.a(console.o)
                              main.o (consoleSelect)
C:/devkitPro/libctru/lib\libctru.a(gfx.o)
                              C:/devkitPro/libctru/lib\libctru.a(console.o) (gfxSetScreenFormat)
C:/devkitPro/libctru/lib\libctru.a(gx.o)
                              C:/devkitPro/libctru/lib\libctru.a(gfx.o) (gxCmdBuf)
C:/devkitPro/libctru/lib\libctru.a(gspgpu.o)
                              C:/devkitPro/libctru/lib\libctru.a(gfx.o) (gspInit)
C:/devkitPro/libctru/lib\libctru.a(apt.o)
                              main.o (aptMainLoop)
C:/devkitPro/libctru/lib\libctru.a(hid.o)
                              main.o (hidScanInput)
C:/devkitPro/libctru/lib\libctru.a(swkbd.o)
                              main.o (swkbdInit)
C:/devkitPro/libctru/lib\libctru.a(utf16_to_utf8.o)
                              C:/devkitPro/libctru/lib\libctru.a(swkbd.o) (utf16_to_utf8)
C:/devkitPro/libctru/lib\libctru.a(decode_utf16.o)
                              C:/devkitPro/libctru/lib\libctru.a(utf16_to_utf8.o) (decode_utf16)
C:/devkitPro/libctru/lib\libctru.a(utf8_to_utf16.o)
                              C:/devkitPro/libctru/lib\libctru.a(swkbd.o) (utf8_to_utf16)
C:/devkitPro/libctru/lib\libctru.a(initSystem.o)
                              C:/devkitPro/libctru/lib\libctru.a(apt.o) (__system_retAddr)
C:/devkitPro/libctru/lib\libctru.a(syscalls.o)
                              C:/devkitPro/libctru/lib\libctru.a(initSystem.o) (__system_initSyscalls)
C:/devkitPro/libctru/lib\libctru.a(allocateHeaps.o)
                              C:/devkitPro/libctru/lib\libctru.a(initSystem.o) (__system_allocateHeaps)
C:/devkitPro/libctru/lib\libctru.a(initArgv.o)
                              C:/devkitPro/libctru/lib\libctru.a(initSystem.o) (__system_initArgv)
C:/devkitPro/libctru/lib\libctru.a(svc.o)
                              C:/devkitPro/libctru/lib\libctru.a(allocateHeaps.o) (svcControlMemory)
C:/devkitPro/libctru/lib\libctru.a(stack_adjust.o)
                              c:/devkitpro/devkitarm/bin/../lib/gcc/arm-none-eabi/9.1.0/../../../../arm-none-eabi/lib/armv6k/fpu/3dsx_crt0.o (initSystem)
C:/devkitPro/libctru/lib\libctru.a(default_font.bin.o)
                              C:/devkitPro/libctru/lib\libctru.a(console.o) (default_font_bin)
C:/devkitPro/libctru/lib\libctru.a(vram.o)
                              C:/devkitPro/libctru/lib\libctru.a(gfx.o) (vramAlloc)
C:/devkitPro/libctru/lib\libctru.a(mappable.o)
                              C:/devkitPro/libctru/lib\libctru.a(gfx.o) (mappableAlloc)
C:/devkitPro/libctru/lib\libctru.a(linear.o)
                              C:/devkitPro/libctru/lib\libctru.a(gfx.o) (linearAlloc)
C:/devkitPro/libctru/lib\libctru.a(mem_pool.o)
                              C:/devkitPro/libctru/lib\libctru.a(vram.o) (MemPool::Allocate(MemChunk&, unsigned long, int))
C:/devkitPro/libctru/lib\libctru.a(synchronization.o)
                              C:/devkitPro/libctru/lib\libctru.a(initSystem.o) (__sync_init)
C:/devkitPro/libctru/lib\libctru.a(os.o)
                              C:/devkitPro/libctru/lib\libctru.a(allocateHeaps.o) (osGetMemRegionUsed)
C:/devkitPro/libctru/lib\libctru.a(srv.o)
                              C:/devkitPro/libctru/lib\libctru.a(apt.o) (srvInit)
C:/devkitPro/libctru/lib\libctru.a(thread.o)
                              C:/devkitPro/libctru/lib\libctru.a(gspgpu.o) (threadCreate)
C:/devkitPro/libctru/lib\libctru.a(irrst.o)
                              C:/devkitPro/libctru/lib\libctru.a(hid.o) (irrstScanInput)
C:/devkitPro/libctru/lib\libctru.a(srvpm.o)
                              C:/devkitPro/libctru/lib\libctru.a(srv.o) (srvPmGetSessionHandle)
C:/devkitPro/libctru/lib\libctru.a(ptmsysm.o)
                              C:/devkitPro/libctru/lib\libctru.a(os.o) (ptmSysmInit)
C:/devkitPro/libctru/lib\libctru.a(rbtree_init.o)
                              C:/devkitPro/libctru/lib\libctru.a(vram.o) (rbtree_init)
C:/devkitPro/libctru/lib\libctru.a(rbtree_insert.o)
                              C:/devkitPro/libctru/lib\libctru.a(vram.o) (rbtree_insert)
C:/devkitPro/libctru/lib\libctru.a(rbtree_rotate.o)
                              C:/devkitPro/libctru/lib\libctru.a(rbtree_insert.o) (rbtree_rotate)
C:/devkitPro/libctru/lib\libctru.a(rbtree_remove.o)
                              C:/devkitPro/libctru/lib\libctru.a(vram.o) (rbtree_remove)
C:/devkitPro/libctru/lib\libctru.a(rbtree_find.o)
                              C:/devkitPro/libctru/lib\libctru.a(vram.o) (rbtree_find)
C:/devkitPro/libctru/lib\libctru.a(encode_utf16.o)
                              C:/devkitPro/libctru/lib\libctru.a(utf8_to_utf16.o) (encode_utf16)
C:/devkitPro/libctru/lib\libctru.a(encode_utf8.o)
                              C:/devkitPro/libctru/lib\libctru.a(utf16_to_utf8.o) (encode_utf8)
C:/devkitPro/libctru/lib\libctru.a(decode_utf8.o)
[...]
Memory Configuration

Name             Origin             Length             Attributes
*default*        0x0000000000000000 0xffffffffffffffff

Linker script and memory map

                0x0000000000100000                PROVIDE (__start__ = 0x100000)
                0x0000000000100000                . = __start__

.text           0x0000000000100000    0x1d734
 *(.crt0)
 .crt0          0x0000000000100000       0x94 c:/devkitpro/devkitarm/bin/../lib/gcc/arm-none-eabi/9.1.0/../../../../arm-none-eabi/lib/armv6k/fpu/3dsx_crt0.o
                0x0000000000100000                _start
                0x0000000000100008                __service_ptr
                0x000000000010000c                __apt_appid
                0x0000000000100010                __heap_size
                0x0000000000100014                __linear_heap_size
                0x0000000000100018                __system_arglist
                0x000000000010001c                __system_runflags
 *(.init)
 .init          0x0000000000100094        0xc c:/devkitpro/devkitarm/bin/../lib/gcc/arm-none-eabi/9.1.0/armv6k/fpu/crti.o
                0x0000000000100094                _init
 .init          0x00000000001000a0        0xc c:/devkitpro/devkitarm/bin/../lib/gcc/arm-none-eabi/9.1.0/armv6k/fpu/crtn.o
                0x00000000001000ac                . = ALIGN (0x4)
 *(.text)
 .text          0x00000000001000ac       0x64 C:/devkitPro/libctru/lib\libctru.a(stack_adjust.o)
                0x00000000001000ac                initSystem
                0x00000000001000f0                __ctru_exit
 .text          0x0000000000100110      0x240 c:/devkitpro/devkitarm/bin/../lib/gcc/arm-none-eabi/9.1.0/armv6k/fpu\libgcc.a(_divsi3.o)
                0x0000000000100110                __divsi3
                0x0000000000100110                __aeabi_idiv
                0x0000000000100330                __aeabi_idivmod
 .text          0x0000000000100350        0x4 c:/devkitpro/devkitarm/bin/../lib/gcc/arm-none-eabi/9.1.0/armv6k/fpu\libgcc.a(_dvmd_tls.o)
                0x0000000000100350                __aeabi_idiv0
                0x0000000000100350                __aeabi_ldiv0
 .text          0x0000000000100354       0x3c c:/devkitpro/devkitarm/bin/../lib/gcc/arm-none-eabi/9.1.0/armv6k/fpu\libgcc.a(_aeabi_uldivmod.o)
                0x0000000000100354                __aeabi_uldivmod
 *fill*         0x0000000000100390       0x10 
 .text          0x00000000001003a0      0x390 c:/devkitpro/devkitarm/bin/../lib/gcc/arm-none-eabi/9.1.0/../../../../arm-none-eabi/lib/armv6k/fpu\libg.a(lib_a-strcmp.o)
                0x00000000001003a8                strcmp
 .text          0x0000000000100730      0x20c c:/devkitpro/devkitarm/bin/../lib/gcc/arm-none-eabi/9.1.0/armv6k/fpu\libgcc.a(_udivsi3.o)
                0x0000000000100730                __aeabi_uidiv
                0x0000000000100730                __udivsi3
                0x000000000010091c                __aeabi_uidivmod
 .text          0x000000000010093c      0x3c0 c:/devkitpro/devkitarm/bin/../lib/gcc/arm-none-eabi/9.1.0/armv6k/fpu\libgcc.a(_arm_addsubdf3.o)
                0x000000000010093c                __aeabi_drsub
                0x0000000000100944                __aeabi_dsub
                0x0000000000100944                __subdf3
                0x0000000000100948                __aeabi_dadd
                0x0000000000100948                __adddf3
                0x0000000000100bf4                __floatunsidf
                0x0000000000100bf4                __aeabi_ui2d
                0x0000000000100c18                __floatsidf
                0x0000000000100c18                __aeabi_i2d
                0x0000000000100c40                __aeabi_f2d
                0x0000000000100c40                __extendsfdf2
                0x0000000000100c88                __floatundidf
                0x0000000000100c88                __aeabi_ul2d
                0x0000000000100c9c                __floatdidf
                0x0000000000100c9c                __aeabi_l2d
 .text          0x0000000000100cfc       0xd4 c:/devkitpro/devkitarm/bin/../lib/gcc/arm-none-eabi/9.1.0/armv6k/fpu\libgcc.a(_aeabi_ldivmod.o)
                0x0000000000100cfc                __aeabi_ldivmod
 *(.text.*)
 .text.deregister_tm_clones
                0x0000000000100dd0       0x2c c:/devkitpro/devkitarm/bin/../lib/gcc/arm-none-eabi/9.1.0/armv6k/fpu/crtbegin.o
 .text.register_tm_clones
                0x0000000000100dfc       0x38 c:/devkitpro/devkitarm/bin/../lib/gcc/arm-none-eabi/9.1.0/armv6k/fpu/crtbegin.o
 .text.__do_global_dtors_aux
                0x0000000000100e34       0x44 c:/devkitpro/devkitarm/bin/../lib/gcc/arm-none-eabi/9.1.0/armv6k/fpu/crtbegin.o
 .text.frame_dummy
                0x0000000000100e78       0x34 c:/devkitpro/devkitarm/bin/../lib/gcc/arm-none-eabi/9.1.0/armv6k/fpu/crtbegin.o
 .text.startup.main
                0x0000000000100eac      0x228 main.o
                0x0000000000100eac                main
 .text.consoleSelect
                0x00000000001010d4       0x18 C:/devkitPro/libctru/lib\libctru.a(console.o)
                0x00000000001010d4                consoleSelect
 .text.consoleDrawChar
                0x00000000001010ec      0x1b8 C:/devkitPro/libctru/lib\libctru.a(console.o)
                0x00000000001010ec                consoleDrawChar
 .text.consolePrintChar
                0x00000000001012a4      0x124 C:/devkitPro/libctru/lib\libctru.a(console.o)
                0x00000000001012a4                consolePrintChar
 .text.consoleCls
                0x00000000001013c8      0x15c C:/devkitPro/libctru/lib\libctru.a(console.o)
 .text.consoleInit
                0x0000000000101524      0x104 C:/devkitPro/libctru/lib\libctru.a(console.o)
                0x0000000000101524                consoleInit
 .text.consoleClearLine
                0x0000000000101628      0x10c C:/devkitPro/libctru/lib\libctru.a(console.o)
 .text.newRow   0x0000000000101734       0xc4 C:/devkitPro/libctru/lib\libctru.a(console.o)
 .text.con_write
                0x00000000001017f8      0x7cc C:/devkitPro/libctru/lib\libctru.a(console.o)
                0x00000000001017f8                con_write
 .text.gfxSetFramebufferInfo.part.0
                0x0000000000101fc4       0x8c C:/devkitPro/libctru/lib\libctru.a(gfx.o)
 .text.gfxSetFramebufferInfo
                0x0000000000102050       0x6c C:/devkitPro/libctru/lib\libctru.a(gfx.o)
 .text.gfxGetFramebuffer.part.0
                0x00000000001020bc       0x58 C:/devkitPro/libctru/lib\libctru.a(gfx.o)
 .text.__get_bytes_per_pixel
                0x0000000000102114       0x18 C:/devkitPro/libctru/lib\libctru.a(gfx.o)
                0x0000000000102114                __get_bytes_per_pixel
 .text.gfxSetScreenFormat
                0x000000000010212c      0x184 C:/devkitPro/libctru/lib\libctru.a(gfx.o)
                0x000000000010212c                gfxSetScreenFormat
 .text.gfxSetDoubleBuffering
                0x00000000001022b0       0x10 C:/devkitPro/libctru/lib\libctru.a(gfx.o)
                0x00000000001022b0                gfxSetDoubleBuffering
 .text.gfxInit  0x00000000001022c0      0x214 C:/devkitPro/libctru/lib\libctru.a(gfx.o)
                0x00000000001022c0                gfxInit
 .text.gfxInitDefault
                0x00000000001024d4       0x10 C:/devkitPro/libctru/lib\libctru.a(gfx.o)
                0x00000000001024d4                gfxInitDefault
 .text.gfxExit  0x00000000001024e4       0xe0 C:/devkitPro/libctru/lib\libctru.a(gfx.o)
                0x00000000001024e4                gfxExit
 .text.gfxGetFramebuffer
                0x00000000001025c4       0x64 C:/devkitPro/libctru/lib\libctru.a(gfx.o)
                0x00000000001025c4                gfxGetFramebuffer
 .text.gfxFlushBuffers
                0x0000000000102628       0xcc C:/devkitPro/libctru/lib\libctru.a(gfx.o)
                0x0000000000102628                gfxFlushBuffers
 .text.gfxConfigScreen
                0x00000000001026f4       0xf4 C:/devkitPro/libctru/lib\libctru.a(gfx.o)
                0x00000000001026f4                gfxConfigScreen
 .text.gfxSwapBuffers
                0x00000000001027e8       0x20 C:/devkitPro/libctru/lib\libctru.a(gfx.o)
                0x00000000001027e8                gfxSwapBuffers
 .text.gfxSwapBuffersGpu
                0x0000000000102808       0x20 C:/devkitPro/libctru/lib\libctru.a(gfx.o)
                0x0000000000102808                gfxSwapBuffersGpu
 .text.gspInit  0x0000000000102828       0x74 C:/devkitPro/libctru/lib\libctru.a(gspgpu.o)
                0x0000000000102828                gspInit
 .text.gspExit  0x000000000010289c       0x3c C:/devkitPro/libctru/lib\libctru.a(gspgpu.o)
                0x000000000010289c                gspExit
 .text.gspInitEventHandler
                0x00000000001028d8       0xa4 C:/devkitPro/libctru/lib\libctru.a(gspgpu.o)
                0x00000000001028d8                gspInitEventHandler
 .text.gspExitEventHandler
                0x000000000010297c       0x40 C:/devkitPro/libctru/lib\libctru.a(gspgpu.o)
                0x000000000010297c                gspExitEventHandler
 .text.gspWaitForEvent
                0x00000000001029bc       0x50 C:/devkitPro/libctru/lib\libctru.a(gspgpu.o)
                0x00000000001029bc                gspWaitForEvent
 .text.gxCmdQueueInterrupt
                0x0000000000102a0c        0x4 C:/devkitPro/libctru/lib\libctru.a(gspgpu.o)
                0x0000000000102a0c                gxCmdQueueInterrupt
 .text.gspEventThreadMain
                0x0000000000102a10      0x178 C:/devkitPro/libctru/lib\libctru.a(gspgpu.o)
 .text.GSPGPU_SetBufferSwap
                0x0000000000102b88       0x6c C:/devkitPro/libctru/lib\libctru.a(gspgpu.o)
                0x0000000000102b88                GSPGPU_SetBufferSwap
 .text.GSPGPU_FlushDataCache
                0x0000000000102bf4       0x4c C:/devkitPro/libctru/lib\libctru.a(gspgpu.o)
                0x0000000000102bf4                GSPGPU_FlushDataCache
 .text.GSPGPU_SetLcdForceBlack
                0x0000000000102c40       0x34 C:/devkitPro/libctru/lib\libctru.a(gspgpu.o)
                0x0000000000102c40                GSPGPU_SetLcdForceBlack
 .text.GSPGPU_RegisterInterruptRelayQueue
                0x0000000000102c74       0x64 C:/devkitPro/libctru/lib\libctru.a(gspgpu.o)
                0x0000000000102c74                GSPGPU_RegisterInterruptRelayQueue
 .text.GSPGPU_UnregisterInterruptRelayQueue
                0x0000000000102cd8       0x2c C:/devkitPro/libctru/lib\libctru.a(gspgpu.o)
                0x0000000000102cd8                GSPGPU_UnregisterInterruptRelayQueue
 .text.GSPGPU_AcquireRight
                0x0000000000102d04       0x48 C:/devkitPro/libctru/lib\libctru.a(gspgpu.o)
                0x0000000000102d04                GSPGPU_AcquireRight
 .text.GSPGPU_ReleaseRight
                0x0000000000102d4c       0x2c C:/devkitPro/libctru/lib\libctru.a(gspgpu.o)
                0x0000000000102d4c                GSPGPU_ReleaseRight
 .text.GSPGPU_ImportDisplayCaptureInfo
                0x0000000000102d78       0x80 C:/devkitPro/libctru/lib\libctru.a(gspgpu.o)
                0x0000000000102d78                GSPGPU_ImportDisplayCaptureInfo
 .text.GSPGPU_SaveVramSysArea
                0x0000000000102df8       0x2c C:/devkitPro/libctru/lib\libctru.a(gspgpu.o)
                0x0000000000102df8                GSPGPU_SaveVramSysArea
 .text.GSPGPU_RestoreVramSysArea
                0x0000000000102e24       0x2c C:/devkitPro/libctru/lib\libctru.a(gspgpu.o)
                0x0000000000102e24                GSPGPU_RestoreVramSysArea
 .text._aptDebug
                0x0000000000102e50        0x4 C:/devkitPro/libctru/lib\libctru.a(apt.o)
                0x0000000000102e50                _aptDebug
 .text.aptSendCommand
                0x0000000000102e54      0x170 C:/devkitPro/libctru/lib\libctru.a(apt.o)
                0x0000000000102e54                aptSendCommand
 .text.aptExitProcess
                0x0000000000102fc4       0x3c C:/devkitPro/libctru/lib\libctru.a(apt.o)
 .text.aptSetMessageCallback
                0x0000000000103000       0x1c C:/devkitPro/libctru/lib\libctru.a(apt.o)
                0x0000000000103000                aptSetMessageCallback
 .text.APT_InquireNotification
                0x000000000010301c       0x50 C:/devkitPro/libctru/lib\libctru.a(apt.o)
                0x000000000010301c                APT_InquireNotification
 .text.aptEventHandler
                0x000000000010306c      0x194 C:/devkitPro/libctru/lib\libctru.a(apt.o)
 .text.APT_AppletUtility
                0x0000000000103200       0x74 C:/devkitPro/libctru/lib\libctru.a(apt.o)
                0x0000000000103200                APT_AppletUtility
 .text.aptSetSleepAllowed
                0x0000000000103274       0xb0 C:/devkitPro/libctru/lib\libctru.a(apt.o)
                0x0000000000103274                aptSetSleepAllowed
 .text.APT_GlanceParameter
                0x0000000000103324       0xb4 C:/devkitPro/libctru/lib\libctru.a(apt.o)
                0x0000000000103324                APT_GlanceParameter
 .text.APT_ReceiveParameter
                0x00000000001033d8       0xc8 C:/devkitPro/libctru/lib\libctru.a(apt.o)
                0x00000000001033d8                APT_ReceiveParameter
 .text.aptReceiveParameter.constprop.0
                0x00000000001034a0       0xbc C:/devkitPro/libctru/lib\libctru.a(apt.o)
 *fill*         0x000000000010355c        0x4 
 .text.aptScreenTransfer
                0x0000000000103560      0x1e0 C:/devkitPro/libctru/lib\libctru.a(apt.o)
 .text.aptWaitForWakeUp
                0x0000000000103740      0x210 C:/devkitPro/libctru/lib\libctru.a(apt.o)
 .text.APT_SendParameter
                0x0000000000103950       0x58 C:/devkitPro/libctru/lib\libctru.a(apt.o)
                0x0000000000103950                APT_SendParameter
 .text.APT_CancelParameter
                0x00000000001039a8       0x70 C:/devkitPro/libctru/lib\libctru.a(apt.o)
                0x00000000001039a8                APT_CancelParameter
 .text.aptInit  0x0000000000103a18      0x25c C:/devkitPro/libctru/lib\libctru.a(apt.o)
                0x0000000000103a18                aptInit
 .text.aptClearParamQueue
                0x0000000000103c74       0x88 C:/devkitPro/libctru/lib\libctru.a(apt.o)
 .text.aptMainLoop
                0x0000000000103cfc      0x264 C:/devkitPro/libctru/lib\libctru.a(apt.o)
                0x0000000000103cfc                aptMainLoop
 .text.aptExit  0x0000000000103f60      0x254 C:/devkitPro/libctru/lib\libctru.a(apt.o)
                0x0000000000103f60                aptExit
 .text.aptLaunchLibraryApplet
                0x00000000001041b4       0xdc C:/devkitPro/libctru/lib\libctru.a(apt.o)
                0x00000000001041b4                aptLaunchLibraryApplet
 .text.APT_CheckNew3DS
                0x0000000000104290       0x7c C:/devkitPro/libctru/lib\libctru.a(apt.o)
                0x0000000000104290                APT_CheckNew3DS
 .text.hidCheckSectionUpdateTime.part.0
                0x000000000010430c       0x28 C:/devkitPro/libctru/lib\libctru.a(hid.o)
 .text.hidExit  0x0000000000104334       0xd0 C:/devkitPro/libctru/lib\libctru.a(hid.o)
                0x0000000000104334                hidExit
 .text.hidScanInput
                0x0000000000104404      0x1d8 C:/devkitPro/libctru/lib\libctru.a(hid.o)
                0x0000000000104404                hidScanInput
 .text.hidKeysDown
                0x00000000001045dc       0x10 C:/devkitPro/libctru/lib\libctru.a(hid.o)
                0x00000000001045dc                hidKeysDown
 .text.HIDUSER_GetHandles
                0x00000000001045ec       0x90 C:/devkitPro/libctru/lib\libctru.a(hid.o)
                0x00000000001045ec                HIDUSER_GetHandles
 .text.hidInit  0x000000000010467c      0x1a4 C:/devkitPro/libctru/lib\libctru.a(hid.o)
                0x000000000010467c                hidInit
 .text.swkbdConvertToUTF16.part.0
                0x0000000000104820       0x28 C:/devkitPro/libctru/lib\libctru.a(swkbd.o)
 .text.swkbdMessageCallback
                0x0000000000104848      0x168 C:/devkitPro/libctru/lib\libctru.a(swkbd.o)
 .text.swkbdInit
                0x00000000001049b0       0x78 C:/devkitPro/libctru/lib\libctru.a(swkbd.o)
                0x00000000001049b0                swkbdInit
 .text.swkbdSetHintText
                0x0000000000104a28       0x2c C:/devkitPro/libctru/lib\libctru.a(swkbd.o)
                0x0000000000104a28                swkbdSetHintText
 .text.swkbdSetInitialText
                0x0000000000104a54        0x8 C:/devkitPro/libctru/lib\libctru.a(swkbd.o)
                0x0000000000104a54                swkbdSetInitialText
 .text.swkbdInputText
                0x0000000000104a5c      0x3b4 C:/devkitPro/libctru/lib\libctru.a(swkbd.o)
                0x0000000000104a5c                swkbdInputText
 .text.utf16_to_utf8
                0x0000000000104e10       0xe8 C:/devkitPro/libctru/lib\libctru.a(utf16_to_utf8.o)
                0x0000000000104e10                utf16_to_utf8
 .text.decode_utf16
                0x0000000000104ef8       0x60 C:/devkitPro/libctru/lib\libctru.a(decode_utf16.o)
                0x0000000000104ef8                decode_utf16
 .text.utf8_to_utf16
                0x0000000000104f58       0xc0 C:/devkitPro/libctru/lib\libctru.a(utf8_to_utf16.o)
                0x0000000000104f58                utf8_to_utf16
 .text.__libctru_init
                0x0000000000105018       0x38 C:/devkitPro/libctru/lib\libctru.a(initSystem.o)
                0x0000000000105018                __libctru_init
 .text.__libctru_nanosleep
                0x0000000000105050       0x34 C:/devkitPro/libctru/lib\libctru.a(syscalls.o)
 .text.__ctru_get_reent
                0x0000000000105084       0x30 C:/devkitPro/libctru/lib\libctru.a(syscalls.o)
 .text.__system_initSyscalls
                0x00000000001050b4       0xfc C:/devkitPro/libctru/lib\libctru.a(syscalls.o)
                0x00000000001050b4                __system_initSyscalls
 .text.__system_allocateHeaps
                0x00000000001051b0      0x100 C:/devkitPro/libctru/lib\libctru.a(allocateHeaps.o)
                0x00000000001051b0                __system_allocateHeaps
 .text.__system_initArgv
                0x00000000001052b0       0xf0 C:/devkitPro/libctru/lib\libctru.a(initArgv.o)
                0x00000000001052b0                __system_initArgv
 .text.svcControlMemory
                0x00000000001053a0       0x20 C:/devkitPro/libctru/lib\libctru.a(svc.o)
                0x00000000001053a0                svcControlMemory
 .text.svcExitProcess
                0x00000000001053c0        0x8 C:/devkitPro/libctru/lib\libctru.a(svc.o)
                0x00000000001053c0                svcExitProcess
 .text.svcCreateThread
                0x00000000001053c8       0x20 C:/devkitPro/libctru/lib\libctru.a(svc.o)
                0x00000000001053c8                svcCreateThread
 .text.svcExitThread
                0x00000000001053e8        0x8 C:/devkitPro/libctru/lib\libctru.a(svc.o)
                0x00000000001053e8                svcExitThread
 .text.svcSleepThread
                0x00000000001053f0        0x8 C:/devkitPro/libctru/lib\libctru.a(svc.o)
                0x00000000001053f0                svcSleepThread
 .text.svcReleaseMutex
                0x00000000001053f8        0x8 C:/devkitPro/libctru/lib\libctru.a(svc.o)
                0x00000000001053f8                svcReleaseMutex
 .text.svcCreateEvent
                0x0000000000105400       0x14 C:/devkitPro/libctru/lib\libctru.a(svc.o)
                0x0000000000105400                svcCreateEvent
 .text.svcSignalEvent
                0x0000000000105414        0x8 C:/devkitPro/libctru/lib\libctru.a(svc.o)
                0x0000000000105414                svcSignalEvent
 .text.svcClearEvent
                0x000000000010541c        0x8 C:/devkitPro/libctru/lib\libctru.a(svc.o)
                0x000000000010541c                svcClearEvent
 .text.svcCreateMemoryBlock
                0x0000000000105424       0x18 C:/devkitPro/libctru/lib\libctru.a(svc.o)
                0x0000000000105424                svcCreateMemoryBlock
 .text.svcMapMemoryBlock
                0x000000000010543c        0x8 C:/devkitPro/libctru/lib\libctru.a(svc.o)
                0x000000000010543c                svcMapMemoryBlock
 .text.svcUnmapMemoryBlock
                0x0000000000105444        0x8 C:/devkitPro/libctru/lib\libctru.a(svc.o)
                0x0000000000105444                svcUnmapMemoryBlock
 .text.svcCreateAddressArbiter
                0x000000000010544c       0x14 C:/devkitPro/libctru/lib\libctru.a(svc.o)
                0x000000000010544c                svcCreateAddressArbiter
 .text.svcArbitrateAddress
                0x0000000000105460       0x18 C:/devkitPro/libctru/lib\libctru.a(svc.o)
                0x0000000000105460                svcArbitrateAddress
 .text.svcCloseHandle
                0x0000000000105478        0x8 C:/devkitPro/libctru/lib\libctru.a(svc.o)
                0x0000000000105478                svcCloseHandle
 .text.svcWaitSynchronization
                0x0000000000105480        0x8 C:/devkitPro/libctru/lib\libctru.a(svc.o)
                0x0000000000105480                svcWaitSynchronization
 .text.svcWaitSynchronizationN
                0x0000000000105488       0x28 C:/devkitPro/libctru/lib\libctru.a(svc.o)
                0x0000000000105488                svcWaitSynchronizationN
 .text.svcDuplicateHandle
                0x00000000001054b0       0x14 C:/devkitPro/libctru/lib\libctru.a(svc.o)
                0x00000000001054b0                svcDuplicateHandle
 .text.svcGetSystemTick
                0x00000000001054c4        0x8 C:/devkitPro/libctru/lib\libctru.a(svc.o)
                0x00000000001054c4                svcGetSystemTick
 .text.svcGetSystemInfo
                0x00000000001054cc       0x18 C:/devkitPro/libctru/lib\libctru.a(svc.o)
                0x00000000001054cc                svcGetSystemInfo
 .text.svcConnectToPort
                0x00000000001054e4       0x14 C:/devkitPro/libctru/lib\libctru.a(svc.o)
                0x00000000001054e4                svcConnectToPort
 .text.svcSendSyncRequest
                0x00000000001054f8        0x8 C:/devkitPro/libctru/lib\libctru.a(svc.o)
                0x00000000001054f8                svcSendSyncRequest
 .text.svcBreak
                0x0000000000105500        0x8 C:/devkitPro/libctru/lib\libctru.a(svc.o)
                0x0000000000105500                svcBreak
 .text._ZL21addrMapNodeComparatorPK11rbtree_nodeS1_
                0x0000000000105508       0x24 C:/devkitPro/libctru/lib\libctru.a(vram.o)
 .text._ZL21addrMapNodeDestructorP11rbtree_node
                0x000000000010552c        0x4 C:/devkitPro/libctru/lib\libctru.a(vram.o)
 .text.vramMemAlign
                0x0000000000105530      0x114 C:/devkitPro/libctru/lib\libctru.a(vram.o)
                0x0000000000105530                vramMemAlign
 .text.vramAlloc
                0x0000000000105644        0x8 C:/devkitPro/libctru/lib\libctru.a(vram.o)
                0x0000000000105644                vramAlloc
 .text.vramFree
                0x000000000010564c       0x54 C:/devkitPro/libctru/lib\libctru.a(vram.o)
                0x000000000010564c                vramFree
 .text._ZL21addrMapNodeComparatorPK11rbtree_nodeS1_
                0x00000000001056a0       0x24 C:/devkitPro/libctru/lib\libctru.a(mappable.o)
 .text._ZL21addrMapNodeDestructorP11rbtree_node
                0x00000000001056c4        0x4 C:/devkitPro/libctru/lib\libctru.a(mappable.o)
 .text.mappableAlloc
                0x00000000001056c8       0xe8 C:/devkitPro/libctru/lib\libctru.a(mappable.o)
                0x00000000001056c8                mappableAlloc
 .text.mappableFree
                0x00000000001057b0       0x54 C:/devkitPro/libctru/lib\libctru.a(mappable.o)
                0x00000000001057b0                mappableFree
 .text._ZL21addrMapNodeComparatorPK11rbtree_nodeS1_
                0x0000000000105804       0x24 C:/devkitPro/libctru/lib\libctru.a(linear.o)
 .text._ZL21addrMapNodeDestructorP11rbtree_node
                0x0000000000105828        0x4 C:/devkitPro/libctru/lib\libctru.a(linear.o)
 .text.linearMemAlign
                0x000000000010582c      0x124 C:/devkitPro/libctru/lib\libctru.a(linear.o)
                0x000000000010582c                linearMemAlign
 .text.linearAlloc
                0x0000000000105950        0x8 C:/devkitPro/libctru/lib\libctru.a(linear.o)
                0x0000000000105950                linearAlloc
 .text.linearFree
                0x0000000000105958       0x54 C:/devkitPro/libctru/lib\libctru.a(linear.o)
                0x0000000000105958                linearFree
 .text._ZN7MemPool13CoalesceRightEP8MemBlock
                0x00000000001059ac       0x8c C:/devkitPro/libctru/lib\libctru.a(mem_pool.o)
                0x00000000001059ac                MemPool::CoalesceRight(MemBlock*)
 .text._ZN7MemPool8AllocateER8MemChunkmi
                0x0000000000105a38      0x174 C:/devkitPro/libctru/lib\libctru.a(mem_pool.o)
                0x0000000000105a38                MemPool::Allocate(MemChunk&, unsigned long, int)
 .text._ZN7MemPool10DeallocateERK8MemChunk
                0x0000000000105bac       0xfc C:/devkitPro/libctru/lib\libctru.a(mem_pool.o)
                0x0000000000105bac                MemPool::Deallocate(MemChunk const&)
 .text.LightLock_Unlock.part.0
                0x0000000000105ca8       0x38 C:/devkitPro/libctru/lib\libctru.a(synchronization.o)
 .text.__sync_init
                0x0000000000105ce0        0xc C:/devkitPro/libctru/lib\libctru.a(synchronization.o)
                0x0000000000105ce0                __sync_init
 .text.__sync_fini
                0x0000000000105cec       0x18 C:/devkitPro/libctru/lib\libctru.a(synchronization.o)
                0x0000000000105cec                __sync_fini
 .text.__sync_get_arbiter
                0x0000000000105d04       0x10 C:/devkitPro/libctru/lib\libctru.a(synchronization.o)
                0x0000000000105d04                __sync_get_arbiter
 .text.LightLock_Init
                0x0000000000105d14       0x18 C:/devkitPro/libctru/lib\libctru.a(synchronization.o)
                0x0000000000105d14                LightLock_Init
 .text.LightLock_Lock
                0x0000000000105d2c       0x90 C:/devkitPro/libctru/lib\libctru.a(synchronization.o)
                0x0000000000105d2c                LightLock_Lock
 .text.LightLock_TryLock
                0x0000000000105dbc       0x34 C:/devkitPro/libctru/lib\libctru.a(synchronization.o)
                0x0000000000105dbc                LightLock_TryLock
 .text.LightLock_Unlock
                0x0000000000105df0       0x20 C:/devkitPro/libctru/lib\libctru.a(synchronization.o)
                0x0000000000105df0                LightLock_Unlock
 .text.RecursiveLock_Init
                0x0000000000105e10       0x24 C:/devkitPro/libctru/lib\libctru.a(synchronization.o)
                0x0000000000105e10                RecursiveLock_Init
 .text.RecursiveLock_Lock
                0x0000000000105e34       0x30 C:/devkitPro/libctru/lib\libctru.a(synchronization.o)
                0x0000000000105e34                RecursiveLock_Lock
 .text.RecursiveLock_TryLock
                0x0000000000105e64       0x58 C:/devkitPro/libctru/lib\libctru.a(synchronization.o)
                0x0000000000105e64                RecursiveLock_TryLock
 .text.RecursiveLock_Unlock
                0x0000000000105ebc       0x38 C:/devkitPro/libctru/lib\libctru.a(synchronization.o)
                0x0000000000105ebc                RecursiveLock_Unlock
 .text.LightEvent_Init
                0x0000000000105ef4       0x38 C:/devkitPro/libctru/lib\libctru.a(synchronization.o)
                0x0000000000105ef4                LightEvent_Init
 .text.LightEvent_Clear
                0x0000000000105f2c       0x7c C:/devkitPro/libctru/lib\libctru.a(synchronization.o)
                0x0000000000105f2c                LightEvent_Clear
 .text.LightEvent_Signal
                0x0000000000105fa8       0xdc C:/devkitPro/libctru/lib\libctru.a(synchronization.o)
                0x0000000000105fa8                LightEvent_Signal
 .text.LightEvent_Wait
                0x0000000000106084       0xc0 C:/devkitPro/libctru/lib\libctru.a(synchronization.o)
                0x0000000000106084                LightEvent_Wait
 .text.getSysTime
                0x0000000000106144       0x58 C:/devkitPro/libctru/lib\libctru.a(os.o)
 .text.__ctru_speedup_config.part.0
                0x000000000010619c       0x28 C:/devkitPro/libctru/lib\libctru.a(os.o)
 .text.osGetMemRegionUsed
                0x00000000001061c4       0x24 C:/devkitPro/libctru/lib\libctru.a(os.o)
                0x00000000001061c4                osGetMemRegionUsed
 .text.__libctru_gtod
                0x00000000001061e8      0x128 C:/devkitPro/libctru/lib\libctru.a(os.o)
                0x00000000001061e8                __libctru_gtod
 .text.__ctru_speedup_config
                0x0000000000106310       0x18 C:/devkitPro/libctru/lib\libctru.a(os.o)
                0x0000000000106310                __ctru_speedup_config
 .text.srvExit  0x0000000000106328       0x58 C:/devkitPro/libctru/lib\libctru.a(srv.o)
                0x0000000000106328                srvExit
 .text.srvRegisterClient
                0x0000000000106380       0x38 C:/devkitPro/libctru/lib\libctru.a(srv.o)
                0x0000000000106380                srvRegisterClient
 .text.srvInit  0x00000000001063b8       0xcc C:/devkitPro/libctru/lib\libctru.a(srv.o)
                0x00000000001063b8                srvInit
 .text.srvGetServiceHandleDirect
                0x0000000000106484       0x80 C:/devkitPro/libctru/lib\libctru.a(srv.o)
                0x0000000000106484                srvGetServiceHandleDirect
 .text.srvGetServiceHandle
                0x0000000000106504       0x48 C:/devkitPro/libctru/lib\libctru.a(srv.o)
                0x0000000000106504                srvGetServiceHandle
 .text.threadFree.part.0
                0x000000000010654c       0x1c C:/devkitPro/libctru/lib\libctru.a(thread.o)
 .text.threadCreate
                0x0000000000106568      0x180 C:/devkitPro/libctru/lib\libctru.a(thread.o)
                0x0000000000106568                threadCreate
 .text.threadJoin
                0x00000000001066e8       0x24 C:/devkitPro/libctru/lib\libctru.a(thread.o)
                0x00000000001066e8                threadJoin
 .text.threadExit
                0x000000000010670c       0x68 C:/devkitPro/libctru/lib\libctru.a(thread.o)
                0x000000000010670c                threadExit
 .text._thread_begin
                0x0000000000106774       0x48 C:/devkitPro/libctru/lib\libctru.a(thread.o)
 .text.irrstScanInput
                0x00000000001067bc       0xac C:/devkitPro/libctru/lib\libctru.a(irrst.o)
                0x00000000001067bc                irrstScanInput
 .text.irrstKeysHeld
                0x0000000000106868       0x24 C:/devkitPro/libctru/lib\libctru.a(irrst.o)
                0x0000000000106868                irrstKeysHeld
 .text.IRRST_GetHandles
                0x000000000010688c       0x50 C:/devkitPro/libctru/lib\libctru.a(irrst.o)
                0x000000000010688c                IRRST_GetHandles
 .text.irrstInit
                0x00000000001068dc      0x154 C:/devkitPro/libctru/lib\libctru.a(irrst.o)
                0x00000000001068dc                irrstInit
 .text.IRRST_Shutdown
                0x0000000000106a30       0x2c C:/devkitPro/libctru/lib\libctru.a(irrst.o)
                0x0000000000106a30                IRRST_Shutdown
 .text.irrstExit
                0x0000000000106a5c       0xac C:/devkitPro/libctru/lib\libctru.a(irrst.o)
                0x0000000000106a5c                irrstExit
 .text.srvPmGetSessionHandle
                0x0000000000106b08        0xc C:/devkitPro/libctru/lib\libctru.a(srvpm.o)
                0x0000000000106b08                srvPmGetSessionHandle
 .text.ptmSysmInit
                0x0000000000106b14       0x74 C:/devkitPro/libctru/lib\libctru.a(ptmsysm.o)
                0x0000000000106b14                ptmSysmInit
 .text.ptmSysmExit
                0x0000000000106b88       0x3c C:/devkitPro/libctru/lib\libctru.a(ptmsysm.o)
                0x0000000000106b88                ptmSysmExit
 .text.PTMSYSM_ConfigureNew3DSCPU
                0x0000000000106bc4       0x34 C:/devkitPro/libctru/lib\libctru.a(ptmsysm.o)
                0x0000000000106bc4                PTMSYSM_ConfigureNew3DSCPU
 .text.rbtree_init
                0x0000000000106bf8       0x14 C:/devkitPro/libctru/lib\libctru.a(rbtree_init.o)
                0x0000000000106bf8                rbtree_init
 .text.do_insert
                0x0000000000106c0c      0x1a4 C:/devkitPro/libctru/lib\libctru.a(rbtree_insert.o)
 .text.rbtree_insert
                0x0000000000106db0        0x8 C:/devkitPro/libctru/lib\libctru.a(rbtree_insert.o)
                0x0000000000106db0                rbtree_insert
 .text.rbtree_rotate
                0x0000000000106db8       0x90 C:/devkitPro/libctru/lib\libctru.a(rbtree_rotate.o)
                0x0000000000106db8                rbtree_rotate
 .text.rbtree_remove
                0x0000000000106e48      0x334 C:/devkitPro/libctru/lib\libctru.a(rbtree_remove.o)
                0x0000000000106e48                rbtree_remove
 .text.rbtree_find
                0x000000000010717c       0x74 C:/devkitPro/libctru/lib\libctru.a(rbtree_find.o)
                0x000000000010717c                rbtree_find
 .text.encode_utf16
                0x00000000001071f0       0x68 C:/devkitPro/libctru/lib\libctru.a(encode_utf16.o)
                0x00000000001071f0                encode_utf16
 .text.encode_utf8
                0x0000000000107258      0x104 C:/devkitPro/libctru/lib\libctru.a(encode_utf8.o)
                0x0000000000107258                encode_utf8
 .text.decode_utf8
                0x000000000010735c      0x138 C:/devkitPro/libctru/lib\libctru.a(decode_utf8.o)
                0x000000000010735c                decode_utf8
 .text.__appInit
                0x0000000000107494       0x1c C:/devkitPro/libctru/lib\libctru.a(appInit.o)
                0x0000000000107494                __appInit
 .text.__appExit
                0x00000000001074b0       0x1c C:/devkitPro/libctru/lib\libctru.a(appExit.o)
                0x00000000001074b0                __appExit
 .text.__libctru_exit
                0x00000000001074cc       0xa0 C:/devkitPro/libctru/lib\libctru.a(ctru_exit.o)
                0x00000000001074cc                __libctru_exit
 .text.envGetHandle
                0x000000000010756c       0x84 C:/devkitPro/libctru/lib\libctru.a(env.o)
                0x000000000010756c                envGetHandle
 .text.envDestroyHandles
                0x00000000001075f0       0x4c C:/devkitPro/libctru/lib\libctru.a(env.o)
                0x00000000001075f0                envDestroyHandles
 .text.sdmc_link
                0x000000000010763c       0x14 C:/devkitPro/libctru/lib\libctru.a(sdmc_dev.o)
 .text.sdmc_dirreset
                0x0000000000107650       0x14 C:/devkitPro/libctru/lib\libctru.a(sdmc_dev.o)
 .text.sdmc_chmod
                0x0000000000107664       0x14 C:/devkitPro/libctru/lib\libctru.a(sdmc_dev.o)
 .text.error_cmp
                0x0000000000107678       0x24 C:/devkitPro/libctru/lib\libctru.a(sdmc_dev.o)
 .text.sdmc_translate_error
                0x000000000010769c       0x50 C:/devkitPro/libctru/lib\libctru.a(sdmc_dev.o)
 .text.sdmc_fsync
                0x00000000001076ec       0x34 C:/devkitPro/libctru/lib\libctru.a(sdmc_dev.o)
 .text.sdmc_ftruncate
                0x0000000000107720       0x54 C:/devkitPro/libctru/lib\libctru.a(sdmc_dev.o)
 .text.sdmc_statvfs
                0x0000000000107774       0xbc C:/devkitPro/libctru/lib\libctru.a(sdmc_dev.o)
 .text.sdmc_dirclose
                0x0000000000107830       0x38 C:/devkitPro/libctru/lib\libctru.a(sdmc_dev.o)
 .text.sdmc_dirnext
                0x0000000000107868      0x13c C:/devkitPro/libctru/lib\libctru.a(sdmc_dev.o)
 .text.sdmc_close
                0x00000000001079a4       0x34 C:/devkitPro/libctru/lib\libctru.a(sdmc_dev.o)
 .text.sdmc_fstat
                0x00000000001079d8       0x70 C:/devkitPro/libctru/lib\libctru.a(sdmc_dev.o)
 .text.sdmc_seek
                0x0000000000107a48       0xd4 C:/devkitPro/libctru/lib\libctru.a(sdmc_dev.o)
 .text.sdmc_read
                0x0000000000107b1c       0x78 C:/devkitPro/libctru/lib\libctru.a(sdmc_dev.o)
 .text.sdmc_write
                0x0000000000107b94       0xac C:/devkitPro/libctru/lib\libctru.a(sdmc_dev.o)
 .text.sdmc_utf16path
                0x0000000000107c40      0x1b0 C:/devkitPro/libctru/lib\libctru.a(sdmc_dev.o)
 .text.sdmc_rmdir
                0x0000000000107df0       0x74 C:/devkitPro/libctru/lib\libctru.a(sdmc_dev.o)
 .text.sdmc_diropen
                0x0000000000107e64       0xa4 C:/devkitPro/libctru/lib\libctru.a(sdmc_dev.o)
 .text.sdmc_chdir
                0x0000000000107f08       0xac C:/devkitPro/libctru/lib\libctru.a(sdmc_dev.o)
 .text.sdmc_mkdir
                0x0000000000107fb4       0x98 C:/devkitPro/libctru/lib\libctru.a(sdmc_dev.o)
 .text.sdmc_rename
                0x000000000010804c      0x108 C:/devkitPro/libctru/lib\libctru.a(sdmc_dev.o)
 .text.sdmc_unlink
                0x0000000000108154       0x74 C:/devkitPro/libctru/lib\libctru.a(sdmc_dev.o)
 .text.sdmc_stat
                0x00000000001081c8      0x108 C:/devkitPro/libctru/lib\libctru.a(sdmc_dev.o)
 .text.sdmc_open
                0x00000000001082d0      0x198 C:/devkitPro/libctru/lib\libctru.a(sdmc_dev.o)
 .text.sdmc_fchmod
                0x0000000000108468       0x14 C:/devkitPro/libctru/lib\libctru.a(sdmc_dev.o)
 .text.sdmcInit
                0x000000000010847c      0x168 C:/devkitPro/libctru/lib\libctru.a(sdmc_dev.o)
                0x000000000010847c                sdmcInit
 .text.sdmcExit
                0x00000000001085e4       0x60 C:/devkitPro/libctru/lib\libctru.a(sdmc_dev.o)
                0x00000000001085e4                sdmcExit
 .text.fsSessionForArchive.part.0
                0x0000000000108644       0x28 C:/devkitPro/libctru/lib\libctru.a(fs.o)
 .text.fsInit   0x000000000010866c       0xc4 C:/devkitPro/libctru/lib\libctru.a(fs.o)
                0x000000000010866c                fsInit
 .text.fsExit   0x0000000000108730       0x3c C:/devkitPro/libctru/lib\libctru.a(fs.o)
                0x0000000000108730                fsExit
 .text.fsExemptFromSession
                0x000000000010876c       0x64 C:/devkitPro/libctru/lib\libctru.a(fs.o)
                0x000000000010876c                fsExemptFromSession
 .text.fsUnexemptFromSession
                0x00000000001087d0       0x5c C:/devkitPro/libctru/lib\libctru.a(fs.o)
                0x00000000001087d0                fsUnexemptFromSession
 .text.FSUSER_OpenFile
                0x000000000010882c       0xbc C:/devkitPro/libctru/lib\libctru.a(fs.o)
                0x000000000010882c                FSUSER_OpenFile
 .text.FSUSER_DeleteFile
                0x00000000001088e8       0xac C:/devkitPro/libctru/lib\libctru.a(fs.o)
                0x00000000001088e8                FSUSER_DeleteFile
 .text.FSUSER_RenameFile
                0x0000000000108994       0xe8 C:/devkitPro/libctru/lib\libctru.a(fs.o)
                0x0000000000108994                FSUSER_RenameFile
 .text.FSUSER_DeleteDirectory
                0x0000000000108a7c       0xac C:/devkitPro/libctru/lib\libctru.a(fs.o)
                0x0000000000108a7c                FSUSER_DeleteDirectory
 .text.FSUSER_CreateFile
                0x0000000000108b28       0xc4 C:/devkitPro/libctru/lib\libctru.a(fs.o)
                0x0000000000108b28                FSUSER_CreateFile
 .text.FSUSER_CreateDirectory
                0x0000000000108bec       0xb4 C:/devkitPro/libctru/lib\libctru.a(fs.o)
                0x0000000000108bec                FSUSER_CreateDirectory
 .text.FSUSER_RenameDirectory
                0x0000000000108ca0       0xe8 C:/devkitPro/libctru/lib\libctru.a(fs.o)
                0x0000000000108ca0                FSUSER_RenameDirectory
 .text.FSUSER_OpenDirectory
                0x0000000000108d88       0xa0 C:/devkitPro/libctru/lib\libctru.a(fs.o)
                0x0000000000108d88                FSUSER_OpenDirectory
 .text.FSUSER_OpenArchive
                0x0000000000108e28       0x98 C:/devkitPro/libctru/lib\libctru.a(fs.o)
                0x0000000000108e28                FSUSER_OpenArchive
 .text.FSUSER_CloseArchive
                0x0000000000108ec0       0x78 C:/devkitPro/libctru/lib\libctru.a(fs.o)
                0x0000000000108ec0                FSUSER_CloseArchive
 .text.FSUSER_GetSdmcArchiveResource
                0x0000000000108f38       0x78 C:/devkitPro/libctru/lib\libctru.a(fs.o)
                0x0000000000108f38                FSUSER_GetSdmcArchiveResource
 .text.FSUSER_IsSdmcWritable
                0x0000000000108fb0       0x64 C:/devkitPro/libctru/lib\libctru.a(fs.o)
                0x0000000000108fb0                FSUSER_IsSdmcWritable
 .text.FSFILE_Read
                0x0000000000109014       0x5c C:/devkitPro/libctru/lib\libctru.a(fs.o)
                0x0000000000109014                FSFILE_Read
 .text.FSFILE_Write
                0x0000000000109070       0x64 C:/devkitPro/libctru/lib\libctru.a(fs.o)
                0x0000000000109070                FSFILE_Write
 .text.FSFILE_GetSize
                0x00000000001090d4       0x38 C:/devkitPro/libctru/lib\libctru.a(fs.o)
                0x00000000001090d4                FSFILE_GetSize
 .text.FSFILE_SetSize
                0x000000000010910c       0x28 C:/devkitPro/libctru/lib\libctru.a(fs.o)
                0x000000000010910c                FSFILE_SetSize
 .text.FSFILE_Close
                0x0000000000109134       0x3c C:/devkitPro/libctru/lib\libctru.a(fs.o)
                0x0000000000109134                FSFILE_Close
 .text.FSFILE_Flush
                0x0000000000109170       0x24 C:/devkitPro/libctru/lib\libctru.a(fs.o)
                0x0000000000109170                FSFILE_Flush
 .text.FSDIR_Read
                0x0000000000109194       0x54 C:/devkitPro/libctru/lib\libctru.a(fs.o)
                0x0000000000109194                FSDIR_Read
 .text.FSDIR_Close
                0x00000000001091e8       0x3c C:/devkitPro/libctru/lib\libctru.a(fs.o)
                0x00000000001091e8                FSDIR_Close
 .text.rbtree_node_next
                0x0000000000109224       0x50 C:/devkitPro/libctru/lib\libctru.a(rbtree_iterator.o)
                0x0000000000109224                rbtree_node_next
 .text.__aeabi_read_tp
                0x0000000000109274        0xc C:/devkitPro/libctru/lib\libctru.a(readtp.o)
                0x0000000000109274                __aeabi_read_tp
 .text.__fixdfdi
                0x0000000000109280       0x38 c:/devkitpro/devkitarm/bin/../lib/gcc/arm-none-eabi/9.1.0/armv6k/fpu\libgcc.a(_fixdfdi.o)
                0x0000000000109280                __fixdfdi
                0x0000000000109280                __aeabi_d2lz
 .text.__fixunsdfdi
                0x00000000001092b8       0x40 c:/devkitpro/devkitarm/bin/../lib/gcc/arm-none-eabi/9.1.0/armv6k/fpu\libgcc.a(_fixunsdfdi.o)
                0x00000000001092b8                __fixunsdfdi
                0x00000000001092b8                __aeabi_d2ulz
 .text.__udivmoddi4
                0x00000000001092f8      0x130 c:/devkitpro/devkitarm/bin/../lib/gcc/arm-none-eabi/9.1.0/armv6k/fpu\libgcc.a(_udivmoddi4.o)
                0x00000000001092f8                __udivmoddi4
 .text.bsearch  0x0000000000109428       0x7c c:/devkitpro/devkitarm/bin/../lib/gcc/arm-none-eabi/9.1.0/../../../../arm-none-eabi/lib/armv6k/fpu\libg.a(lib_a-bsearch.o)
                0x0000000000109428                bsearch
 .text.exit     0x00000000001094a4       0x34 c:/devkitpro/devkitarm/bin/../lib/gcc/arm-none-eabi/9.1.0/../../../../arm-none-eabi/lib/armv6k/fpu\libg.a(lib_a-exit.o)
                0x00000000001094a4                exit
 .text.__libc_fini_array
                0x00000000001094d8       0x3c c:/devkitpro/devkitarm/bin/../lib/gcc/arm-none-eabi/9.1.0/../../../../arm-none-eabi/lib/armv6k/fpu\libg.a(lib_a-fini.o)
                0x00000000001094d8                __libc_fini_array
 .text.gmtime   0x0000000000109514       0x20 c:/devkitpro/devkitarm/bin/../lib/gcc/arm-none-eabi/9.1.0/../../../../arm-none-eabi/lib/armv6k/fpu\libg.a(lib_a-gmtime.o)
                0x0000000000109514                gmtime
 .text.gmtime_r
                0x0000000000109534      0x278 c:/devkitpro/devkitarm/bin/../lib/gcc/arm-none-eabi/9.1.0/../../../../arm-none-eabi/lib/armv6k/fpu\libg.a(lib_a-gmtime_r.o)
                0x0000000000109534                gmtime_r
 .text.__libc_init_array
                0x00000000001097ac       0x7c c:/devkitpro/devkitarm/bin/../lib/gcc/arm-none-eabi/9.1.0/../../../../arm-none-eabi/lib/armv6k/fpu\libg.a(lib_a-init.o)
                0x00000000001097ac                __libc_init_array
 .text.memalign
                0x0000000000109828       0x28 c:/devkitpro/devkitarm/bin/../lib/gcc/arm-none-eabi/9.1.0/../../../../arm-none-eabi/lib/armv6k/fpu\libg.a(lib_a-malign.o)
                0x0000000000109828                memalign
 .text._memalign_r
                0x0000000000109850      0x14c c:/devkitpro/devkitarm/bin/../lib/gcc/arm-none-eabi/9.1.0/../../../../arm-none-eabi/lib/armv6k/fpu\libg.a(lib_a-malignr.o)
                0x0000000000109850                _memalign_r
 .text.malloc   0x000000000010999c       0x20 c:/devkitpro/devkitarm/bin/../lib/gcc/arm-none-eabi/9.1.0/../../../../arm-none-eabi/lib/armv6k/fpu\libg.a(lib_a-malloc.o)
                0x000000000010999c                malloc
 .text.free     0x00000000001099bc       0x20 c:/devkitpro/devkitarm/bin/../lib/gcc/arm-none-eabi/9.1.0/../../../../arm-none-eabi/lib/armv6k/fpu\libg.a(lib_a-malloc.o)
                0x00000000001099bc                free
 .text._malloc_r
                0x00000000001099dc      0x7d0 c:/devkitpro/devkitarm/bin/../lib/gcc/arm-none-eabi/9.1.0/../../../../arm-none-eabi/lib/armv6k/fpu\libg.a(lib_a-mallocr.o)
                0x00000000001099dc                _malloc_r
 .text.memchr   0x000000000010a1ac       0xe0 c:/devkitpro/devkitarm/bin/../lib/gcc/arm-none-eabi/9.1.0/../../../../arm-none-eabi/lib/armv6k/fpu\libg.a(lib_a-memchr-stub.o)
                0x000000000010a1ac                memchr
 .text.memcpy   0x000000000010a28c      0x120 c:/devkitpro/devkitarm/bin/../lib/gcc/arm-none-eabi/9.1.0/../../../../arm-none-eabi/lib/armv6k/fpu\libg.a(lib_a-memcpy-stub.o)
                0x000000000010a28c                memcpy
 .text.memset   0x000000000010a3ac      0x118 c:/devkitpro/devkitarm/bin/../lib/gcc/arm-none-eabi/9.1.0/../../../../arm-none-eabi/lib/armv6k/fpu\libg.a(lib_a-memset.o)
                0x000000000010a3ac                memset
 .text.__malloc_lock
                0x000000000010a4c4        0xc c:/devkitpro/devkitarm/bin/../lib/gcc/arm-none-eabi/9.1.0/../../../../arm-none-eabi/lib/armv6k/fpu\libg.a(lib_a-mlock.o)
                0x000000000010a4c4                __malloc_lock
 .text.__malloc_unlock
                0x000000000010a4d0        0xc c:/devkitpro/devkitarm/bin/../lib/gcc/arm-none-eabi/9.1.0/../../../../arm-none-eabi/lib/armv6k/fpu\libg.a(lib_a-mlock.o)
                0x000000000010a4d0                __malloc_unlock
 .text.printf   0x000000000010a4dc       0x34 c:/devkitpro/devkitarm/bin/../lib/gcc/arm-none-eabi/9.1.0/../../../../arm-none-eabi/lib/armv6k/fpu\libg.a(lib_a-printf.o)
                0x000000000010a4dc                printf
 .text._puts_r  0x000000000010a510       0xe0 c:/devkitpro/devkitarm/bin/../lib/gcc/arm-none-eabi/9.1.0/../../../../arm-none-eabi/lib/armv6k/fpu\libg.a(lib_a-puts.o)
                0x000000000010a510                _puts_r
 .text.puts     0x000000000010a5f0       0x20 c:/devkitpro/devkitarm/bin/../lib/gcc/arm-none-eabi/9.1.0/../../../../arm-none-eabi/lib/armv6k/fpu\libg.a(lib_a-puts.o)
                0x000000000010a5f0                puts
 .text.srand    0x000000000010a610       0x1c c:/devkitpro/devkitarm/bin/../lib/gcc/arm-none-eabi/9.1.0/../../../../arm-none-eabi/lib/armv6k/fpu\libg.a(lib_a-rand.o)
                0x000000000010a610                srand
 .text.rand     0x000000000010a62c       0x44 c:/devkitpro/devkitarm/bin/../lib/gcc/arm-none-eabi/9.1.0/../../../../arm-none-eabi/lib/armv6k/fpu\libg.a(lib_a-rand.o)
                0x000000000010a62c                rand
 .text.setvbuf  0x000000000010a670      0x260 c:/devkitpro/devkitarm/bin/../lib/gcc/arm-none-eabi/9.1.0/../../../../arm-none-eabi/lib/armv6k/fpu\libg.a(lib_a-setvbuf.o)
                0x000000000010a670                setvbuf
 .text.sscanf   0x000000000010a8d0       0x74 c:/devkitpro/devkitarm/bin/../lib/gcc/arm-none-eabi/9.1.0/../../../../arm-none-eabi/lib/armv6k/fpu\libg.a(lib_a-sscanf.o)
                0x000000000010a8d0                sscanf
 .text.__sread  0x000000000010a944       0x3c c:/devkitpro/devkitarm/bin/../lib/gcc/arm-none-eabi/9.1.0/../../../../arm-none-eabi/lib/armv6k/fpu\libg.a(lib_a-stdio.o)
                0x000000000010a944                __sread
 .text.__seofread
                0x000000000010a980        0x8 c:/devkitpro/devkitarm/bin/../lib/gcc/arm-none-eabi/9.1.0/../../../../arm-none-eabi/lib/armv6k/fpu\libg.a(lib_a-stdio.o)
                0x000000000010a980                __seofread
 .text.__swrite
                0x000000000010a988       0x68 c:/devkitpro/devkitarm/bin/../lib/gcc/arm-none-eabi/9.1.0/../../../../arm-none-eabi/lib/armv6k/fpu\libg.a(lib_a-stdio.o)
                0x000000000010a988                __swrite
 .text.__sseek  0x000000000010a9f0       0x58 c:/devkitpro/devkitarm/bin/../lib/gcc/arm-none-eabi/9.1.0/../../../../arm-none-eabi/lib/armv6k/fpu\libg.a(lib_a-stdio.o)
                0x000000000010a9f0                __sseek
 .text.__sclose
                0x000000000010aa48        0x8 c:/devkitpro/devkitarm/bin/../lib/gcc/arm-none-eabi/9.1.0/../../../../arm-none-eabi/lib/armv6k/fpu\libg.a(lib_a-stdio.o)
                0x000000000010aa48                __sclose
 .text.strlen   0x000000000010aa50       0x5c c:/devkitpro/devkitarm/bin/../lib/gcc/arm-none-eabi/9.1.0/../../../../arm-none-eabi/lib/armv6k/fpu\libg.a(lib_a-strlen-stub.o)
                0x000000000010aa50                strlen
 .text.strncat  0x000000000010aaac       0x98 c:/devkitpro/devkitarm/bin/../lib/gcc/arm-none-eabi/9.1.0/../../../../arm-none-eabi/lib/armv6k/fpu\libg.a(lib_a-strncat.o)
                0x000000000010aaac                strncat
 .text.strncpy  0x000000000010ab44       0xc0 c:/devkitpro/devkitarm/bin/../lib/gcc/arm-none-eabi/9.1.0/../../../../arm-none-eabi/lib/armv6k/fpu\libg.a(lib_a-strncpy.o)
                0x000000000010ab44                strncpy
 .text.strnlen  0x000000000010ac04       0x48 c:/devkitpro/devkitarm/bin/../lib/gcc/arm-none-eabi/9.1.0/../../../../arm-none-eabi/lib/armv6k/fpu\libg.a(lib_a-strnlen.o)
                0x000000000010ac04                strnlen
 .text.get_arg  0x000000000010ac4c       0x48 c:/devkitpro/devkitarm/bin/../lib/gcc/arm-none-eabi/9.1.0/../../../../arm-none-eabi/lib/armv6k/fpu\libg.a(lib_a-svfscanf.o)
 .text.__ssvfscanf_r
                0x000000000010ac94     0x2b84 c:/devkitpro/devkitarm/bin/../lib/gcc/arm-none-eabi/9.1.0/../../../../arm-none-eabi/lib/armv6k/fpu\libg.a(lib_a-svfscanf.o)
                0x000000000010ac94                __ssvfscanf_r
 .text.time     0x000000000010d818       0x3c c:/devkitpro/devkitarm/bin/../lib/gcc/arm-none-eabi/9.1.0/../../../../arm-none-eabi/lib/armv6k/fpu\libg.a(lib_a-time.o)
                0x000000000010d818                time
 .text.__sprint_r
                0x000000000010d854       0x34 c:/devkitpro/devkitarm/bin/../lib/gcc/arm-none-eabi/9.1.0/../../../../arm-none-eabi/lib/armv6k/fpu\libg.a(lib_a-vfiprintf.o)
                0x000000000010d854                __sprint_r
 .text.get_arg  0x000000000010d888      0x650 c:/devkitpro/devkitarm/bin/../lib/gcc/arm-none-eabi/9.1.0/../../../../arm-none-eabi/lib/armv6k/fpu\libg.a(lib_a-vfprintf.o)
 .text._vfprintf_r
                0x000000000010ded8     0x38e0 c:/devkitpro/devkitarm/bin/../lib/gcc/arm-none-eabi/9.1.0/../../../../arm-none-eabi/lib/armv6k/fpu\libg.a(lib_a-vfprintf.o)
                0x000000000010ded8                _vfprintf_r
 .text.__sbprintf
                0x00000000001117b8       0xd4 c:/devkitpro/devkitarm/bin/../lib/gcc/arm-none-eabi/9.1.0/../../../../arm-none-eabi/lib/armv6k/fpu\libg.a(lib_a-vfprintf.o)
 .text._wcrtomb_r
                0x000000000011188c       0x54 c:/devkitpro/devkitarm/bin/../lib/gcc/arm-none-eabi/9.1.0/../../../../arm-none-eabi/lib/armv6k/fpu\libg.a(lib_a-wcrtomb.o)
                0x000000000011188c                _wcrtomb_r
 .text._wcsrtombs_r
                0x00000000001118e0       0x20 c:/devkitpro/devkitarm/bin/../lib/gcc/arm-none-eabi/9.1.0/../../../../arm-none-eabi/lib/armv6k/fpu\libg.a(lib_a-wcsrtombs.o)
                0x00000000001118e0                _wcsrtombs_r
 .text.__swsetup_r
                0x0000000000111900      0x150 c:/devkitpro/devkitarm/bin/../lib/gcc/arm-none-eabi/9.1.0/../../../../arm-none-eabi/lib/armv6k/fpu\libg.a(lib_a-wsetup.o)
                0x0000000000111900                __swsetup_r
 .text.__call_exitprocs
                0x0000000000111a50      0x118 c:/devkitpro/devkitarm/bin/../lib/gcc/arm-none-eabi/9.1.0/../../../../arm-none-eabi/lib/armv6k/fpu\libg.a(lib_a-__call_atexit.o)
                0x0000000000111a50                __call_exitprocs
 .text.quorem   0x0000000000111b68      0x1a8 c:/devkitpro/devkitarm/bin/../lib/gcc/arm-none-eabi/9.1.0/../../../../arm-none-eabi/lib/armv6k/fpu\libg.a(lib_a-dtoa.o)
 .text._dtoa_r  0x0000000000111d10     0x12ac c:/devkitpro/devkitarm/bin/../lib/gcc/arm-none-eabi/9.1.0/../../../../arm-none-eabi/lib/armv6k/fpu\libg.a(lib_a-dtoa.o)
                0x0000000000111d10                _dtoa_r
 .text.__sflush_r
                0x0000000000112fbc      0x278 c:/devkitpro/devkitarm/bin/../lib/gcc/arm-none-eabi/9.1.0/../../../../arm-none-eabi/lib/armv6k/fpu\libg.a(lib_a-fflush.o)
                0x0000000000112fbc                __sflush_r
 .text._fflush_r
                0x0000000000113234       0x94 c:/devkitpro/devkitarm/bin/../lib/gcc/arm-none-eabi/9.1.0/../../../../arm-none-eabi/lib/armv6k/fpu\libg.a(lib_a-fflush.o)
                0x0000000000113234                _fflush_r
 .text.std      0x00000000001132c8       0x78 c:/devkitpro/devkitarm/bin/../lib/gcc/arm-none-eabi/9.1.0/../../../../arm-none-eabi/lib/armv6k/fpu\libg.a(lib_a-findfp.o)
 .text._cleanup_r
                0x0000000000113340        0xc c:/devkitpro/devkitarm/bin/../lib/gcc/arm-none-eabi/9.1.0/../../../../arm-none-eabi/lib/armv6k/fpu\libg.a(lib_a-findfp.o)
                0x0000000000113340                _cleanup_r
 .text.__sinit  0x000000000011334c       0x8c c:/devkitpro/devkitarm/bin/../lib/gcc/arm-none-eabi/9.1.0/../../../../arm-none-eabi/lib/armv6k/fpu\libg.a(lib_a-findfp.o)
                0x000000000011334c                __sinit
 .text.__sfp_lock_acquire
                0x00000000001133d8        0xc c:/devkitpro/devkitarm/bin/../lib/gcc/arm-none-eabi/9.1.0/../../../../arm-none-eabi/lib/armv6k/fpu\libg.a(lib_a-findfp.o)
                0x00000000001133d8                __sfp_lock_acquire
 .text.__sfp_lock_release
                0x00000000001133e4        0xc c:/devkitpro/devkitarm/bin/../lib/gcc/arm-none-eabi/9.1.0/../../../../arm-none-eabi/lib/armv6k/fpu\libg.a(lib_a-findfp.o)
                0x00000000001133e4                __sfp_lock_release
 .text._malloc_trim_r
                0x00000000001133f0       0xf8 c:/devkitpro/devkitarm/bin/../lib/gcc/arm-none-eabi/9.1.0/../../../../arm-none-eabi/lib/armv6k/fpu\libg.a(lib_a-freer.o)
                0x00000000001133f0                _malloc_trim_r
 .text._free_r  0x00000000001134e8      0x2e8 c:/devkitpro/devkitarm/bin/../lib/gcc/arm-none-eabi/9.1.0/../../../../arm-none-eabi/lib/armv6k/fpu\libg.a(lib_a-freer.o)
                0x00000000001134e8                _free_r
 .text.__sfvwrite_r
                0x00000000001137d0      0x4a4 c:/devkitpro/devkitarm/bin/../lib/gcc/arm-none-eabi/9.1.0/../../../../arm-none-eabi/lib/armv6k/fpu\libg.a(lib_a-fvwrite.o)
                0x00000000001137d0                __sfvwrite_r
 .text._fwalk_reent
                0x0000000000113c74       0x70 c:/devkitpro/devkitarm/bin/../lib/gcc/arm-none-eabi/9.1.0/../../../../arm-none-eabi/lib/armv6k/fpu\libg.a(lib_a-fwalk.o)
                0x0000000000113c74                _fwalk_reent
 .text.iswspace
                0x0000000000113ce4        0x8 c:/devkitpro/devkitarm/bin/../lib/gcc/arm-none-eabi/9.1.0/../../../../arm-none-eabi/lib/armv6k/fpu\libg.a(lib_a-iswspace.o)
                0x0000000000113ce4                iswspace
 .text._localeconv_r
                0x0000000000113cec        0xc c:/devkitpro/devkitarm/bin/../lib/gcc/arm-none-eabi/9.1.0/../../../../arm-none-eabi/lib/armv6k/fpu\libg.a(lib_a-localeconv.o)
                0x0000000000113cec                _localeconv_r
 .text.__locale_mb_cur_max
                0x0000000000113cf8       0x10 c:/devkitpro/devkitarm/bin/../lib/gcc/arm-none-eabi/9.1.0/../../../../arm-none-eabi/lib/armv6k/fpu\libg.a(lib_a-locale.o)
                0x0000000000113cf8                __locale_mb_cur_max
 .text.__swhatbuf_r
                0x0000000000113d08       0x94 c:/devkitpro/devkitarm/bin/../lib/gcc/arm-none-eabi/9.1.0/../../../../arm-none-eabi/lib/armv6k/fpu\libg.a(lib_a-makebuf.o)
                0x0000000000113d08                __swhatbuf_r
 .text.__smakebuf_r
                0x0000000000113d9c       0xf8 c:/devkitpro/devkitarm/bin/../lib/gcc/arm-none-eabi/9.1.0/../../../../arm-none-eabi/lib/armv6k/fpu\libg.a(lib_a-makebuf.o)
                0x0000000000113d9c                __smakebuf_r
 .text._mbrtowc_r
                0x0000000000113e94       0x60 c:/devkitpro/devkitarm/bin/../lib/gcc/arm-none-eabi/9.1.0/../../../../arm-none-eabi/lib/armv6k/fpu\libg.a(lib_a-mbrtowc.o)
                0x0000000000113e94                _mbrtowc_r
 .text.__utf8_mbtowc
                0x0000000000113ef4      0x2fc c:/devkitpro/devkitarm/bin/../lib/gcc/arm-none-eabi/9.1.0/../../../../arm-none-eabi/lib/armv6k/fpu\libg.a(lib_a-mbtowc_r.o)
                0x0000000000113ef4                __utf8_mbtowc
 .text.memmove  0x00000000001141f0      0x154 c:/devkitpro/devkitarm/bin/../lib/gcc/arm-none-eabi/9.1.0/../../../../arm-none-eabi/lib/armv6k/fpu\libg.a(lib_a-memmove.o)
                0x00000000001141f0                memmove
 .text._Balloc  0x0000000000114344       0x88 c:/devkitpro/devkitarm/bin/../lib/gcc/arm-none-eabi/9.1.0/../../../../arm-none-eabi/lib/armv6k/fpu\libg.a(lib_a-mprec.o)
                0x0000000000114344                _Balloc
 .text._Bfree   0x00000000001143cc       0x1c c:/devkitpro/devkitarm/bin/../lib/gcc/arm-none-eabi/9.1.0/../../../../arm-none-eabi/lib/armv6k/fpu\libg.a(lib_a-mprec.o)
                0x00000000001143cc                _Bfree
 .text.__multadd
                0x00000000001143e8       0xd0 c:/devkitpro/devkitarm/bin/../lib/gcc/arm-none-eabi/9.1.0/../../../../arm-none-eabi/lib/armv6k/fpu\libg.a(lib_a-mprec.o)
                0x00000000001143e8                __multadd
 .text.__s2b    0x00000000001144b8       0xec c:/devkitpro/devkitarm/bin/../lib/gcc/arm-none-eabi/9.1.0/../../../../arm-none-eabi/lib/armv6k/fpu\libg.a(lib_a-mprec.o)
                0x00000000001144b8                __s2b
 .text.__hi0bits
                0x00000000001145a4       0x58 c:/devkitpro/devkitarm/bin/../lib/gcc/arm-none-eabi/9.1.0/../../../../arm-none-eabi/lib/armv6k/fpu\libg.a(lib_a-mprec.o)
                0x00000000001145a4                __hi0bits
 .text.__lo0bits
                0x00000000001145fc       0x9c c:/devkitpro/devkitarm/bin/../lib/gcc/arm-none-eabi/9.1.0/../../../../arm-none-eabi/lib/armv6k/fpu\libg.a(lib_a-mprec.o)
                0x00000000001145fc                __lo0bits
 .text.__i2b    0x0000000000114698       0x20 c:/devkitpro/devkitarm/bin/../lib/gcc/arm-none-eabi/9.1.0/../../../../arm-none-eabi/lib/armv6k/fpu\libg.a(lib_a-mprec.o)
                0x0000000000114698                __i2b
 .text.__multiply
                0x00000000001146b8      0x1e0 c:/devkitpro/devkitarm/bin/../lib/gcc/arm-none-eabi/9.1.0/../../../../arm-none-eabi/lib/armv6k/fpu\libg.a(lib_a-mprec.o)
                0x00000000001146b8                __multiply
 .text.__pow5mult
                0x0000000000114898      0x100 c:/devkitpro/devkitarm/bin/../lib/gcc/arm-none-eabi/9.1.0/../../../../arm-none-eabi/lib/armv6k/fpu\libg.a(lib_a-mprec.o)
                0x0000000000114898                __pow5mult
 .text.__lshift
                0x0000000000114998      0x114 c:/devkitpro/devkitarm/bin/../lib/gcc/arm-none-eabi/9.1.0/../../../../arm-none-eabi/lib/armv6k/fpu\libg.a(lib_a-mprec.o)
                0x0000000000114998                __lshift
 .text.__mcmp   0x0000000000114aac       0x58 c:/devkitpro/devkitarm/bin/../lib/gcc/arm-none-eabi/9.1.0/../../../../arm-none-eabi/lib/armv6k/fpu\libg.a(lib_a-mprec.o)
                0x0000000000114aac                __mcmp
 .text.__mdiff  0x0000000000114b04      0x190 c:/devkitpro/devkitarm/bin/../lib/gcc/arm-none-eabi/9.1.0/../../../../arm-none-eabi/lib/armv6k/fpu\libg.a(lib_a-mprec.o)
                0x0000000000114b04                __mdiff
 .text.__ulp    0x0000000000114c94       0x88 c:/devkitpro/devkitarm/bin/../lib/gcc/arm-none-eabi/9.1.0/../../../../arm-none-eabi/lib/armv6k/fpu\libg.a(lib_a-mprec.o)
                0x0000000000114c94                __ulp
 .text.__b2d    0x0000000000114d1c       0xd4 c:/devkitpro/devkitarm/bin/../lib/gcc/arm-none-eabi/9.1.0/../../../../arm-none-eabi/lib/armv6k/fpu\libg.a(lib_a-mprec.o)
                0x0000000000114d1c                __b2d
 .text.__d2b    0x0000000000114df0      0x104 c:/devkitpro/devkitarm/bin/../lib/gcc/arm-none-eabi/9.1.0/../../../../arm-none-eabi/lib/armv6k/fpu\libg.a(lib_a-mprec.o)
                0x0000000000114df0                __d2b
 .text.__ratio  0x0000000000114ef4       0x84 c:/devkitpro/devkitarm/bin/../lib/gcc/arm-none-eabi/9.1.0/../../../../arm-none-eabi/lib/armv6k/fpu\libg.a(lib_a-mprec.o)
                0x0000000000114ef4                __ratio
 .text.__copybits
                0x0000000000114f78       0x6c c:/devkitpro/devkitarm/bin/../lib/gcc/arm-none-eabi/9.1.0/../../../../arm-none-eabi/lib/armv6k/fpu\libg.a(lib_a-mprec.o)
                0x0000000000114f78                __copybits
 .text.__any_on
                0x0000000000114fe4       0x5c c:/devkitpro/devkitarm/bin/../lib/gcc/arm-none-eabi/9.1.0/../../../../arm-none-eabi/lib/armv6k/fpu\libg.a(lib_a-mprec.o)
                0x0000000000114fe4                __any_on
 .text.realloc  0x0000000000115040       0x28 c:/devkitpro/devkitarm/bin/../lib/gcc/arm-none-eabi/9.1.0/../../../../arm-none-eabi/lib/armv6k/fpu\libg.a(lib_a-realloc.o)
                0x0000000000115040                realloc
 .text._realloc_r
                0x0000000000115068      0x4bc c:/devkitpro/devkitarm/bin/../lib/gcc/arm-none-eabi/9.1.0/../../../../arm-none-eabi/lib/armv6k/fpu\libg.a(lib_a-reallocr.o)
                0x0000000000115068                _realloc_r
 .text.__sccl   0x0000000000115524       0xe8 c:/devkitpro/devkitarm/bin/../lib/gcc/arm-none-eabi/9.1.0/../../../../arm-none-eabi/lib/armv6k/fpu\libg.a(lib_a-sccl.o)
                0x0000000000115524                __sccl
 .text.nanf     0x000000000011560c        0xc c:/devkitpro/devkitarm/bin/../lib/gcc/arm-none-eabi/9.1.0/../../../../arm-none-eabi/lib/armv6k/fpu\libg.a(lib_a-sf_nan.o)
                0x000000000011560c                nanf
 .text.frexp    0x0000000000115618       0xa8 c:/devkitpro/devkitarm/bin/../lib/gcc/arm-none-eabi/9.1.0/../../../../arm-none-eabi/lib/armv6k/fpu\libg.a(lib_a-s_frexp.o)
                0x0000000000115618                frexp
 .text.sprintf  0x00000000001156c0       0x64 c:/devkitpro/devkitarm/bin/../lib/gcc/arm-none-eabi/9.1.0/../../../../arm-none-eabi/lib/armv6k/fpu\libg.a(lib_a-sprintf.o)
                0x00000000001156c0                sprintf
 .text.stpncpy  0x0000000000115724       0xb8 c:/devkitpro/devkitarm/bin/../lib/gcc/arm-none-eabi/9.1.0/../../../../arm-none-eabi/lib/armv6k/fpu\libg.a(lib_a-stpncpy.o)
                0x0000000000115724                stpncpy
 .text.strchr   0x00000000001157dc      0x144 c:/devkitpro/devkitarm/bin/../lib/gcc/arm-none-eabi/9.1.0/../../../../arm-none-eabi/lib/armv6k/fpu\libg.a(lib_a-strchr.o)
                0x00000000001157dc                strchr
 .text.strncmp  0x0000000000115920       0xec c:/devkitpro/devkitarm/bin/../lib/gcc/arm-none-eabi/9.1.0/../../../../arm-none-eabi/lib/armv6k/fpu\libg.a(lib_a-strncmp.o)
                0x0000000000115920                strncmp
 .text.sulp     0x0000000000115a0c       0x54 c:/devkitpro/devkitarm/bin/../lib/gcc/arm-none-eabi/9.1.0/../../../../arm-none-eabi/lib/armv6k/fpu\libg.a(lib_a-strtod.o)
 .text._strtod_l
                0x0000000000115a60     0x1414 c:/devkitpro/devkitarm/bin/../lib/gcc/arm-none-eabi/9.1.0/../../../../arm-none-eabi/lib/armv6k/fpu\libg.a(lib_a-strtod.o)
                0x0000000000115a60                _strtod_l
 .text._strtod_r
                0x0000000000116e74        0xc c:/devkitpro/devkitarm/bin/../lib/gcc/arm-none-eabi/9.1.0/../../../../arm-none-eabi/lib/armv6k/fpu\libg.a(lib_a-strtod.o)
                0x0000000000116e74                _strtod_r
 .text._strtoll_l.isra.0
                0x0000000000116e80      0x23c c:/devkitpro/devkitarm/bin/../lib/gcc/arm-none-eabi/9.1.0/../../../../arm-none-eabi/lib/armv6k/fpu\libg.a(lib_a-strtoll.o)
 .text._strtoll_r
                0x00000000001170bc        0x4 c:/devkitpro/devkitarm/bin/../lib/gcc/arm-none-eabi/9.1.0/../../../../arm-none-eabi/lib/armv6k/fpu\libg.a(lib_a-strtoll.o)
                0x00000000001170bc                _strtoll_r
 .text._strtol_l.isra.0
                0x00000000001170c0      0x1b4 c:/devkitpro/devkitarm/bin/../lib/gcc/arm-none-eabi/9.1.0/../../../../arm-none-eabi/lib/armv6k/fpu\libg.a(lib_a-strtol.o)
 .text._strtol_r
                0x0000000000117274        0x4 c:/devkitpro/devkitarm/bin/../lib/gcc/arm-none-eabi/9.1.0/../../../../arm-none-eabi/lib/armv6k/fpu\libg.a(lib_a-strtol.o)
                0x0000000000117274                _strtol_r
 .text._strtoull_l.isra.0
                0x0000000000117278      0x24c c:/devkitpro/devkitarm/bin/../lib/gcc/arm-none-eabi/9.1.0/../../../../arm-none-eabi/lib/armv6k/fpu\libg.a(lib_a-strtoull.o)
 .text._strtoull_r
                0x00000000001174c4        0x4 c:/devkitpro/devkitarm/bin/../lib/gcc/arm-none-eabi/9.1.0/../../../../arm-none-eabi/lib/armv6k/fpu\libg.a(lib_a-strtoull.o)
                0x00000000001174c4                _strtoull_r
 .text._strtoul_l.isra.0
                0x00000000001174c8      0x1c8 c:/devkitpro/devkitarm/bin/../lib/gcc/arm-none-eabi/9.1.0/../../../../arm-none-eabi/lib/armv6k/fpu\libg.a(lib_a-strtoul.o)
 .text._strtoul_r
                0x0000000000117690        0x4 c:/devkitpro/devkitarm/bin/../lib/gcc/arm-none-eabi/9.1.0/../../../../arm-none-eabi/lib/armv6k/fpu\libg.a(lib_a-strtoul.o)
                0x0000000000117690                _strtoul_r
 .text.__ssprint_r
                0x0000000000117694      0x188 c:/devkitpro/devkitarm/bin/../lib/gcc/arm-none-eabi/9.1.0/../../../../arm-none-eabi/lib/armv6k/fpu\libg.a(lib_a-svfiprintf.o)
                0x0000000000117694                __ssprint_r
 .text._sungetc_r
                0x000000000011781c       0xe0 c:/devkitpro/devkitarm/bin/../lib/gcc/arm-none-eabi/9.1.0/../../../../arm-none-eabi/lib/armv6k/fpu\libg.a(lib_a-svfiscanf.o)
                0x000000000011781c                _sungetc_r
 .text.__ssrefill_r
                0x00000000001178fc       0x6c c:/devkitpro/devkitarm/bin/../lib/gcc/arm-none-eabi/9.1.0/../../../../arm-none-eabi/lib/armv6k/fpu\libg.a(lib_a-svfiscanf.o)
                0x00000000001178fc                __ssrefill_r
 .text._sfread_r
                0x0000000000117968       0xc8 c:/devkitpro/devkitarm/bin/../lib/gcc/arm-none-eabi/9.1.0/../../../../arm-none-eabi/lib/armv6k/fpu\libg.a(lib_a-svfiscanf.o)
                0x0000000000117968                _sfread_r
 .text.get_arg  0x0000000000117a30      0x650 c:/devkitpro/devkitarm/bin/../lib/gcc/arm-none-eabi/9.1.0/../../../../arm-none-eabi/lib/armv6k/fpu\libg.a(lib_a-svfprintf.o)
 .text._svfprintf_r
                0x0000000000118080     0x3814 c:/devkitpro/devkitarm/bin/../lib/gcc/arm-none-eabi/9.1.0/../../../../arm-none-eabi/lib/armv6k/fpu\libg.a(lib_a-svfprintf.o)
                0x0000000000118080                _svfprintf_r
 .text.__submore
                0x000000000011b894       0xa8 c:/devkitpro/devkitarm/bin/../lib/gcc/arm-none-eabi/9.1.0/../../../../arm-none-eabi/lib/armv6k/fpu\libg.a(lib_a-ungetc.o)
                0x000000000011b894                __submore
 .text._wcsnrtombs_l
                0x000000000011b93c      0x190 c:/devkitpro/devkitarm/bin/../lib/gcc/arm-none-eabi/9.1.0/../../../../arm-none-eabi/lib/armv6k/fpu\libg.a(lib_a-wcsnrtombs.o)
                0x000000000011b93c                _wcsnrtombs_l
 .text._wcsnrtombs_r
                0x000000000011bacc       0x48 c:/devkitpro/devkitarm/bin/../lib/gcc/arm-none-eabi/9.1.0/../../../../arm-none-eabi/lib/armv6k/fpu\libg.a(lib_a-wcsnrtombs.o)
                0x000000000011bacc                _wcsnrtombs_r
 .text.__utf8_wctomb
                0x000000000011bb14       0xf0 c:/devkitpro/devkitarm/bin/../lib/gcc/arm-none-eabi/9.1.0/../../../../arm-none-eabi/lib/armv6k/fpu\libg.a(lib_a-wctomb_r.o)
                0x000000000011bb14                __utf8_wctomb
 .text._calloc_r
                0x000000000011bc04       0x94 c:/devkitpro/devkitarm/bin/../lib/gcc/arm-none-eabi/9.1.0/../../../../arm-none-eabi/lib/armv6k/fpu\libg.a(lib_a-callocr.o)
                0x000000000011bc04                _calloc_r
 .text._fclose_r
                0x000000000011bc98      0x160 c:/devkitpro/devkitarm/bin/../lib/gcc/arm-none-eabi/9.1.0/../../../../arm-none-eabi/lib/armv6k/fpu\libg.a(lib_a-fclose.o)
                0x000000000011bc98                _fclose_r
 .text.rshift   0x000000000011bdf8       0xec c:/devkitpro/devkitarm/bin/../lib/gcc/arm-none-eabi/9.1.0/../../../../arm-none-eabi/lib/armv6k/fpu\libg.a(lib_a-gdtoa-gethex.o)
 .text.__gethex
                0x000000000011bee4      0x828 c:/devkitpro/devkitarm/bin/../lib/gcc/arm-none-eabi/9.1.0/../../../../arm-none-eabi/lib/armv6k/fpu\libg.a(lib_a-gdtoa-gethex.o)
                0x000000000011bee4                __gethex
 .text.__match  0x000000000011c70c       0x60 c:/devkitpro/devkitarm/bin/../lib/gcc/arm-none-eabi/9.1.0/../../../../arm-none-eabi/lib/armv6k/fpu\libg.a(lib_a-gdtoa-hexnan.o)
                0x000000000011c70c                __match
 .text.__hexnan
                0x000000000011c76c      0x28c c:/devkitpro/devkitarm/bin/../lib/gcc/arm-none-eabi/9.1.0/../../../../arm-none-eabi/lib/armv6k/fpu\libg.a(lib_a-gdtoa-hexnan.o)
                0x000000000011c76c                __hexnan
 .text.iswspace_l
                0x000000000011c9f8       0x3c c:/devkitpro/devkitarm/bin/../lib/gcc/arm-none-eabi/9.1.0/../../../../arm-none-eabi/lib/armv6k/fpu\libg.a(lib_a-iswspace_l.o)
                0x000000000011c9f8                iswspace_l
 .text.__jp2uc  0x000000000011ca34      0x1e0 c:/devkitpro/devkitarm/bin/../lib/gcc/arm-none-eabi/9.1.0/../../../../arm-none-eabi/lib/armv6k/fpu\libg.a(lib_a-jp2uc.o)
 .text._jp2uc_l
                0x000000000011cc14       0x94 c:/devkitpro/devkitarm/bin/../lib/gcc/arm-none-eabi/9.1.0/../../../../arm-none-eabi/lib/armv6k/fpu\libg.a(lib_a-jp2uc.o)
                0x000000000011cc14                _jp2uc_l
 .text.nan      0x000000000011cca8       0x10 c:/devkitpro/devkitarm/bin/../lib/gcc/arm-none-eabi/9.1.0/../../../../arm-none-eabi/lib/armv6k/fpu\libg.a(lib_a-s_nan.o)
                0x000000000011cca8                nan
 .text.category
                0x000000000011ccb8       0x88 c:/devkitpro/devkitarm/bin/../lib/gcc/arm-none-eabi/9.1.0/../../../../arm-none-eabi/lib/armv6k/fpu\libg.a(lib_a-categories.o)
                0x000000000011ccb8                category
 .text.null_write
                0x000000000011cd40        0x8 c:/devkitpro/devkitarm/bin/../lib/gcc/arm-none-eabi/9.1.0/../../../../arm-none-eabi/lib/armv6k/fpu\libsysbase.a(iosupport.o)
 .text.setDefaultDevice
                0x000000000011cd48       0x18 c:/devkitpro/devkitarm/bin/../lib/gcc/arm-none-eabi/9.1.0/../../../../arm-none-eabi/lib/armv6k/fpu\libsysbase.a(iosupport.o)
                0x000000000011cd48                setDefaultDevice
 .text.FindDevice
                0x000000000011cd60       0xc8 c:/devkitpro/devkitarm/bin/../lib/gcc/arm-none-eabi/9.1.0/../../../../arm-none-eabi/lib/armv6k/fpu\libsysbase.a(iosupport.o)
                0x000000000011cd60                FindDevice
 .text.RemoveDevice
                0x000000000011ce28       0x28 c:/devkitpro/devkitarm/bin/../lib/gcc/arm-none-eabi/9.1.0/../../../../arm-none-eabi/lib/armv6k/fpu\libsysbase.a(iosupport.o)
                0x000000000011ce28                RemoveDevice
 .text.AddDevice
                0x000000000011ce50       0x9c c:/devkitpro/devkitarm/bin/../lib/gcc/arm-none-eabi/9.1.0/../../../../arm-none-eabi/lib/armv6k/fpu\libsysbase.a(iosupport.o)
                0x000000000011ce50                AddDevice
 .text._fstat_r
                0x000000000011ceec       0x78 c:/devkitpro/devkitarm/bin/../lib/gcc/arm-none-eabi/9.1.0/../../../../arm-none-eabi/lib/armv6k/fpu\libsysbase.a(fstat.o)
                0x000000000011ceec                _fstat_r
 .text._gettimeofday_r
                0x000000000011cf64       0x38 c:/devkitpro/devkitarm/bin/../lib/gcc/arm-none-eabi/9.1.0/../../../../arm-none-eabi/lib/armv6k/fpu\libsysbase.a(gettod.o)
                0x000000000011cf64                _gettimeofday_r
 .text._isatty_r
                0x000000000011cf9c        0x8 c:/devkitpro/devkitarm/bin/../lib/gcc/arm-none-eabi/9.1.0/../../../../arm-none-eabi/lib/armv6k/fpu\libsysbase.a(isatty.o)
                0x000000000011cf9c                _isatty_r
 .text._lseek_r
                0x000000000011cfa4       0x84 c:/devkitpro/devkitarm/bin/../lib/gcc/arm-none-eabi/9.1.0/../../../../arm-none-eabi/lib/armv6k/fpu\libsysbase.a(lseek.o)
                0x000000000011cfa4                _lseek_r
 .text._read_r  0x000000000011d028       0x80 c:/devkitpro/devkitarm/bin/../lib/gcc/arm-none-eabi/9.1.0/../../../../arm-none-eabi/lib/armv6k/fpu\libsysbase.a(read.o)
                0x000000000011d028                _read_r
 .text._sbrk_r  0x000000000011d0a8       0x78 c:/devkitpro/devkitarm/bin/../lib/gcc/arm-none-eabi/9.1.0/../../../../arm-none-eabi/lib/armv6k/fpu\libsysbase.a(sbrk.o)
                0x000000000011d0a8                _sbrk_r
 .text._write_r
                0x000000000011d120       0x80 c:/devkitpro/devkitarm/bin/../lib/gcc/arm-none-eabi/9.1.0/../../../../arm-none-eabi/lib/armv6k/fpu\libsysbase.a(write.o)
                0x000000000011d120                _write_r
 .text._exit    0x000000000011d1a0       0x24 c:/devkitpro/devkitarm/bin/../lib/gcc/arm-none-eabi/9.1.0/../../../../arm-none-eabi/lib/armv6k/fpu\libsysbase.a(_exit.o)
                0x000000000011d1a0                _exit
 .text._concatenate_path
                0x000000000011d1c4      0x1bc c:/devkitpro/devkitarm/bin/../lib/gcc/arm-none-eabi/9.1.0/../../../../arm-none-eabi/lib/armv6k/fpu\libsysbase.a(chdir.o)
                0x000000000011d1c4                _concatenate_path
 .text.chdir    0x000000000011d380      0x15c c:/devkitpro/devkitarm/bin/../lib/gcc/arm-none-eabi/9.1.0/../../../../arm-none-eabi/lib/armv6k/fpu\libsysbase.a(chdir.o)
                0x000000000011d380                chdir
 .text.__flockfile
                0x000000000011d4dc        0x8 c:/devkitpro/devkitarm/bin/../lib/gcc/arm-none-eabi/9.1.0/../../../../arm-none-eabi/lib/armv6k/fpu\libsysbase.a(flock.o)
                0x000000000011d4dc                __flockfile
 .text.__funlockfile
                0x000000000011d4e4        0x8 c:/devkitpro/devkitarm/bin/../lib/gcc/arm-none-eabi/9.1.0/../../../../arm-none-eabi/lib/armv6k/fpu\libsysbase.a(flock.o)
                0x000000000011d4e4                __funlockfile
 .text.__libc_lock_acquire
                0x000000000011d4ec       0x18 c:/devkitpro/devkitarm/bin/../lib/gcc/arm-none-eabi/9.1.0/../../../../arm-none-eabi/lib/armv6k/fpu\libsysbase.a(syscall_support.o)
                0x000000000011d4ec                __libc_lock_acquire
 .text.__libc_lock_release
                0x000000000011d504       0x18 c:/devkitpro/devkitarm/bin/../lib/gcc/arm-none-eabi/9.1.0/../../../../arm-none-eabi/lib/armv6k/fpu\libsysbase.a(syscall_support.o)
                0x000000000011d504                __libc_lock_release
 .text.__libc_lock_init_recursive
                0x000000000011d51c       0x18 c:/devkitpro/devkitarm/bin/../lib/gcc/arm-none-eabi/9.1.0/../../../../arm-none-eabi/lib/armv6k/fpu\libsysbase.a(syscall_support.o)
                0x000000000011d51c                __libc_lock_init_recursive
 .text.__libc_lock_acquire_recursive
                0x000000000011d534       0x18 c:/devkitpro/devkitarm/bin/../lib/gcc/arm-none-eabi/9.1.0/../../../../arm-none-eabi/lib/armv6k/fpu\libsysbase.a(syscall_support.o)
                0x000000000011d534                __libc_lock_acquire_recursive
 .text.__libc_lock_release_recursive
                0x000000000011d54c       0x18 c:/devkitpro/devkitarm/bin/../lib/gcc/arm-none-eabi/9.1.0/../../../../arm-none-eabi/lib/armv6k/fpu\libsysbase.a(syscall_support.o)
                0x000000000011d54c                __libc_lock_release_recursive
 .text.__libc_lock_close_recursive
                0x000000000011d564       0x18 c:/devkitpro/devkitarm/bin/../lib/gcc/arm-none-eabi/9.1.0/../../../../arm-none-eabi/lib/armv6k/fpu\libsysbase.a(syscall_support.o)
                0x000000000011d564                __libc_lock_close_recursive
 .text.__get_handle
                0x000000000011d57c       0x3c c:/devkitpro/devkitarm/bin/../lib/gcc/arm-none-eabi/9.1.0/../../../../arm-none-eabi/lib/armv6k/fpu\libsysbase.a(handle_manager.o)
                0x000000000011d57c                __get_handle
 .text._close_r
                0x000000000011d5b8       0xf8 c:/devkitpro/devkitarm/bin/../lib/gcc/arm-none-eabi/9.1.0/../../../../arm-none-eabi/lib/armv6k/fpu\libsysbase.a(handle_manager.o)
                0x000000000011d5b8                _close_r
 .text.__getreent
                0x000000000011d6b0       0x28 c:/devkitpro/devkitarm/bin/../lib/gcc/arm-none-eabi/9.1.0/../../../../arm-none-eabi/lib/armv6k/fpu\libsysbase.a(getreent.o)
                0x000000000011d6b0                __getreent
 .text.strrchr  0x000000000011d6d8       0x44 c:/devkitpro/devkitarm/bin/../lib/gcc/arm-none-eabi/9.1.0/../../../../arm-none-eabi/lib/armv6k/fpu\libg.a(lib_a-strrchr.o)
                0x000000000011d6d8                strrchr
 *(.glue_7)
 .glue_7        0x000000000011d71c        0x0 linker stubs
 *(.glue_7t)
 .glue_7t       0x000000000011d71c        0x0 linker stubs
 *(.stub)
 *(.gnu.warning)
 *(.gnu.linkonce.t*)
                0x000000000011d71c                . = ALIGN (0x4)
 *(.fini)
 .fini          0x000000000011d71c        0xc c:/devkitpro/devkitarm/bin/../lib/gcc/arm-none-eabi/9.1.0/armv6k/fpu/crti.o
                0x000000000011d71c                _fini
 .fini          0x000000000011d728        0xc c:/devkitpro/devkitarm/bin/../lib/gcc/arm-none-eabi/9.1.0/armv6k/fpu/crtn.o
                0x000000000011d734                . = ALIGN (0x4)

.vfp11_veneer   0x000000000011d734        0x0
 .vfp11_veneer  0x000000000011d734        0x0 linker stubs

.v4_bx          0x000000000011d734        0x0
 .v4_bx         0x000000000011d734        0x0 linker stubs

.iplt           0x000000000011d734        0x0
 .iplt          0x000000000011d734        0x0 c:/devkitpro/devkitarm/bin/../lib/gcc/arm-none-eabi/9.1.0/../../../../arm-none-eabi/lib/armv6k/fpu/3dsx_crt0.o
                0x000000000011e000                . = ALIGN (0x1000)

.rodata         0x000000000011e000     0x7764
 *(.rodata)
 .rodata        0x000000000011e000      0x804 C:/devkitPro/libctru/lib\libctru.a(default_font.bin.o)
                0x000000000011e000                default_font_bin
                0x000000000011e800                default_font_bin_size
                0x000000000011e800                default_font_bin_end
 .rodata        0x000000000011e804        0xc C:/devkitPro/libctru/lib\libctru.a(sdmc_dev.o)
 *(.roda)
 *(.rodata.*)
 .rodata.str1.4
                0x000000000011e810      0x147 main.o
 *fill*         0x000000000011e957        0x1 
 .rodata.con_write.str1.4
                0x000000000011e958       0x52 C:/devkitPro/libctru/lib\libctru.a(console.o)
 *fill*         0x000000000011e9aa        0x2 
 .rodata.str1.4
                0x000000000011e9ac       0x10 C:/devkitPro/libctru/lib\libctru.a(console.o)
 .rodata.colorTable
                0x000000000011e9bc       0x30 C:/devkitPro/libctru/lib\libctru.a(console.o)
 .rodata.dotab_stdout
                0x000000000011e9ec       0x70 C:/devkitPro/libctru/lib\libctru.a(console.o)
 .rodata.CSWTCH.62
                0x000000000011ea5c       0x14 C:/devkitPro/libctru/lib\libctru.a(gfx.o)
 .rodata.framebufferInfoSt
                0x000000000011ea70        0x8 C:/devkitPro/libctru/lib\libctru.a(gfx.o)
 .rodata.gspInit.str1.4
                0x000000000011ea78        0x9 C:/devkitPro/libctru/lib\libctru.a(gspgpu.o)
 *fill*         0x000000000011ea81        0x3 
 .rodata.aptSendCommand.str1.4
                0x000000000011ea84       0x16 C:/devkitPro/libctru/lib\libctru.a(apt.o)
 *fill*         0x000000000011ea9a        0x2 
 .rodata.hidInit.str1.4
                0x000000000011ea9c       0x15 C:/devkitPro/libctru/lib\libctru.a(hid.o)
 *fill*         0x000000000011eab1        0x3 
 .rodata.srvInit.str1.4
                0x000000000011eab4        0x5 C:/devkitPro/libctru/lib\libctru.a(srv.o)
 *fill*         0x000000000011eab9        0x3 
 .rodata.irrstInit.str1.4
                0x000000000011eabc        0x7 C:/devkitPro/libctru/lib\libctru.a(irrst.o)
 *fill*         0x000000000011eac3        0x1 
 .rodata.ptmSysmInit.str1.4
                0x000000000011eac4        0x9 C:/devkitPro/libctru/lib\libctru.a(ptmsysm.o)
 *fill*         0x000000000011eacd        0x3 
 .rodata.str1.4
                0x000000000011ead0        0x5 C:/devkitPro/libctru/lib\libctru.a(sdmc_dev.o)
                                          0x9 (size before relaxing)
 *fill*         0x000000000011ead5        0x3 
 .rodata.sdmcExit.str1.4
                0x000000000011ead8        0x6 C:/devkitPro/libctru/lib\libctru.a(sdmc_dev.o)
 *fill*         0x000000000011eade        0x2 
 .rodata.error_table
                0x000000000011eae0       0x30 C:/devkitPro/libctru/lib\libctru.a(sdmc_dev.o)
 .rodata.fsInit.str1.4
                0x000000000011eb10        0x8 C:/devkitPro/libctru/lib\libctru.a(fs.o)
 .rodata._global_impure_ptr
                0x000000000011eb18        0x4 c:/devkitpro/devkitarm/bin/../lib/gcc/arm-none-eabi/9.1.0/../../../../arm-none-eabi/lib/armv6k/fpu\libg.a(lib_a-impure.o)
                0x000000000011eb18                _global_impure_ptr
 .rodata._puts_r.str1.4
                0x000000000011eb1c        0x8 c:/devkitpro/devkitarm/bin/../lib/gcc/arm-none-eabi/9.1.0/../../../../arm-none-eabi/lib/armv6k/fpu\libg.a(lib_a-puts.o)
                                          0x2 (size before relaxing)
 .rodata.__ssvfscanf_r.str1.1
                0x000000000011eb1c        0x5 c:/devkitpro/devkitarm/bin/../lib/gcc/arm-none-eabi/9.1.0/../../../../arm-none-eabi/lib/armv6k/fpu\libg.a(lib_a-svfscanf.o)
                                          0x6 (size before relaxing)
 *fill*         0x000000000011eb21        0x3 
 .rodata.basefix.8820
                0x000000000011eb24       0x22 c:/devkitpro/devkitarm/bin/../lib/gcc/arm-none-eabi/9.1.0/../../../../arm-none-eabi/lib/armv6k/fpu\libg.a(lib_a-svfscanf.o)
 .rodata._vfprintf_r.str1.1
                0x000000000011eb46       0x3b c:/devkitpro/devkitarm/bin/../lib/gcc/arm-none-eabi/9.1.0/../../../../arm-none-eabi/lib/armv6k/fpu\libg.a(lib_a-vfprintf.o)
 *fill*         0x000000000011eb81        0x3 
 .rodata.blanks.8791
                0x000000000011eb84       0x10 c:/devkitpro/devkitarm/bin/../lib/gcc/arm-none-eabi/9.1.0/../../../../arm-none-eabi/lib/armv6k/fpu\libg.a(lib_a-vfprintf.o)
 .rodata.zeroes.8792
                0x000000000011eb94       0x10 c:/devkitpro/devkitarm/bin/../lib/gcc/arm-none-eabi/9.1.0/../../../../arm-none-eabi/lib/armv6k/fpu\libg.a(lib_a-vfprintf.o)
 .rodata._ctype_
                0x000000000011eba4      0x101 c:/devkitpro/devkitarm/bin/../lib/gcc/arm-none-eabi/9.1.0/../../../../arm-none-eabi/lib/armv6k/fpu\libg.a(lib_a-ctype_.o)
                0x000000000011eba4                _ctype_
 *fill*         0x000000000011eca5        0x3 
 .rodata._dtoa_r.str1.4
                0x000000000011eca8       0x12 c:/devkitpro/devkitarm/bin/../lib/gcc/arm-none-eabi/9.1.0/../../../../arm-none-eabi/lib/armv6k/fpu\libg.a(lib_a-dtoa.o)
 *fill*         0x000000000011ecba        0x2 
 .rodata.str1.4
                0x000000000011ecbc       0x48 c:/devkitpro/devkitarm/bin/../lib/gcc/arm-none-eabi/9.1.0/../../../../arm-none-eabi/lib/armv6k/fpu\libg.a(lib_a-locale.o)
                                         0x4c (size before relaxing)
 .rodata._mbrtowc_r.str1.4
                0x000000000011ed04        0x1 c:/devkitpro/devkitarm/bin/../lib/gcc/arm-none-eabi/9.1.0/../../../../arm-none-eabi/lib/armv6k/fpu\libg.a(lib_a-mbrtowc.o)
 *fill*         0x000000000011ed04        0x4 
 .rodata.__mprec_bigtens
                0x000000000011ed08       0x28 c:/devkitpro/devkitarm/bin/../lib/gcc/arm-none-eabi/9.1.0/../../../../arm-none-eabi/lib/armv6k/fpu\libg.a(lib_a-mprec.o)
                0x000000000011ed08                __mprec_bigtens
 .rodata.__mprec_tens
                0x000000000011ed30       0xc8 c:/devkitpro/devkitarm/bin/../lib/gcc/arm-none-eabi/9.1.0/../../../../arm-none-eabi/lib/armv6k/fpu\libg.a(lib_a-mprec.o)
                0x000000000011ed30                __mprec_tens
 .rodata.p05.7510
                0x000000000011edf8        0xc c:/devkitpro/devkitarm/bin/../lib/gcc/arm-none-eabi/9.1.0/../../../../arm-none-eabi/lib/armv6k/fpu\libg.a(lib_a-mprec.o)
 .rodata._strtod_l.str1.4
                0x000000000011ee04        0xf c:/devkitpro/devkitarm/bin/../lib/gcc/arm-none-eabi/9.1.0/../../../../arm-none-eabi/lib/armv6k/fpu\libg.a(lib_a-strtod.o)
                                         0x11 (size before relaxing)
 *fill*         0x000000000011ee13        0x1 
 .rodata.fpi.7590
                0x000000000011ee14       0x14 c:/devkitpro/devkitarm/bin/../lib/gcc/arm-none-eabi/9.1.0/../../../../arm-none-eabi/lib/armv6k/fpu\libg.a(lib_a-strtod.o)
 .rodata.fpinan.7626
                0x000000000011ee28       0x14 c:/devkitpro/devkitarm/bin/../lib/gcc/arm-none-eabi/9.1.0/../../../../arm-none-eabi/lib/armv6k/fpu\libg.a(lib_a-strtod.o)
 *fill*         0x000000000011ee3c        0x4 
 .rodata.tinytens
                0x000000000011ee40       0x28 c:/devkitpro/devkitarm/bin/../lib/gcc/arm-none-eabi/9.1.0/../../../../arm-none-eabi/lib/armv6k/fpu\libg.a(lib_a-strtod.o)
 .rodata.__action_table
                0x000000000011ee68       0x6c c:/devkitpro/devkitarm/bin/../lib/gcc/arm-none-eabi/9.1.0/../../../../arm-none-eabi/lib/armv6k/fpu\libg.a(lib_a-svfiprintf.o)
                0x000000000011ee68                __action_table
 .rodata.__chclass
                0x000000000011eed4      0x100 c:/devkitpro/devkitarm/bin/../lib/gcc/arm-none-eabi/9.1.0/../../../../arm-none-eabi/lib/armv6k/fpu\libg.a(lib_a-svfiprintf.o)
                0x000000000011eed4                __chclass
 .rodata.__state_table
                0x000000000011efd4       0x6c c:/devkitpro/devkitarm/bin/../lib/gcc/arm-none-eabi/9.1.0/../../../../arm-none-eabi/lib/armv6k/fpu\libg.a(lib_a-svfiprintf.o)
                0x000000000011efd4                __state_table
 .rodata._svfprintf_r.str1.1
                0x000000000011f040       0x3b c:/devkitpro/devkitarm/bin/../lib/gcc/arm-none-eabi/9.1.0/../../../../arm-none-eabi/lib/armv6k/fpu\libg.a(lib_a-svfprintf.o)
 .rodata.blanks.8776
                0x000000000011f040       0x10 c:/devkitpro/devkitarm/bin/../lib/gcc/arm-none-eabi/9.1.0/../../../../arm-none-eabi/lib/armv6k/fpu\libg.a(lib_a-svfprintf.o)
 .rodata.zeroes.8777
                0x000000000011f050       0x10 c:/devkitpro/devkitarm/bin/../lib/gcc/arm-none-eabi/9.1.0/../../../../arm-none-eabi/lib/armv6k/fpu\libg.a(lib_a-svfprintf.o)
 .rodata.__hexdig
                0x000000000011f060      0x100 c:/devkitpro/devkitarm/bin/../lib/gcc/arm-none-eabi/9.1.0/../../../../arm-none-eabi/lib/armv6k/fpu\libg.a(lib_a-gdtoa-gethex.o)
                0x000000000011f060                __hexdig
 .rodata._jp2uc_l.str1.4
                0x000000000011f160       0x12 c:/devkitpro/devkitarm/bin/../lib/gcc/arm-none-eabi/9.1.0/../../../../arm-none-eabi/lib/armv6k/fpu\libg.a(lib_a-jp2uc.o)
 *fill*         0x000000000011f172        0x2 
 .rodata.a1     0x000000000011f174       0xbc c:/devkitpro/devkitarm/bin/../lib/gcc/arm-none-eabi/9.1.0/../../../../arm-none-eabi/lib/armv6k/fpu\libg.a(lib_a-jp2uc.o)
 .rodata.a2     0x000000000011f230       0xbc c:/devkitpro/devkitarm/bin/../lib/gcc/arm-none-eabi/9.1.0/../../../../arm-none-eabi/lib/armv6k/fpu\libg.a(lib_a-jp2uc.o)
 .rodata.a3     0x000000000011f2ec       0x5b c:/devkitpro/devkitarm/bin/../lib/gcc/arm-none-eabi/9.1.0/../../../../arm-none-eabi/lib/armv6k/fpu\libg.a(lib_a-jp2uc.o)
 *fill*         0x000000000011f347        0x1 
 .rodata.a6     0x000000000011f348       0x70 c:/devkitpro/devkitarm/bin/../lib/gcc/arm-none-eabi/9.1.0/../../../../arm-none-eabi/lib/armv6k/fpu\libg.a(lib_a-jp2uc.o)
 .rodata.a7     0x000000000011f3b8       0xa2 c:/devkitpro/devkitarm/bin/../lib/gcc/arm-none-eabi/9.1.0/../../../../arm-none-eabi/lib/armv6k/fpu\libg.a(lib_a-jp2uc.o)
 *fill*         0x000000000011f45a        0x2 
 .rodata.a8     0x000000000011f45c       0x40 c:/devkitpro/devkitarm/bin/../lib/gcc/arm-none-eabi/9.1.0/../../../../arm-none-eabi/lib/armv6k/fpu\libg.a(lib_a-jp2uc.o)
 .rodata.b02cf  0x000000000011f49c     0x172a c:/devkitpro/devkitarm/bin/../lib/gcc/arm-none-eabi/9.1.0/../../../../arm-none-eabi/lib/armv6k/fpu\libg.a(lib_a-jp2uc.o)
 *fill*         0x0000000000120bc6        0x2 
 .rodata.d02f4  0x0000000000120bc8     0x1a7c c:/devkitpro/devkitarm/bin/../lib/gcc/arm-none-eabi/9.1.0/../../../../arm-none-eabi/lib/armv6k/fpu\libg.a(lib_a-jp2uc.o)
 .rodata.str1.4
                0x0000000000122644        0x5 c:/devkitpro/devkitarm/bin/../lib/gcc/arm-none-eabi/9.1.0/../../../../arm-none-eabi/lib/armv6k/fpu\libg.a(lib_a-lnumeric.o)
 .rodata._C_numeric_locale
                0x0000000000122644        0xc c:/devkitpro/devkitarm/bin/../lib/gcc/arm-none-eabi/9.1.0/../../../../arm-none-eabi/lib/armv6k/fpu\libg.a(lib_a-lnumeric.o)
                0x0000000000122644                _C_numeric_locale
 .rodata.categories
                0x0000000000122650     0x309c c:/devkitpro/devkitarm/bin/../lib/gcc/arm-none-eabi/9.1.0/../../../../arm-none-eabi/lib/armv6k/fpu\libg.a(lib_a-categories.o)
 .rodata.AddDevice.str1.4
                0x00000000001256ec        0x8 c:/devkitpro/devkitarm/bin/../lib/gcc/arm-none-eabi/9.1.0/../../../../arm-none-eabi/lib/armv6k/fpu\libsysbase.a(iosupport.o)
 .rodata.dotab_stdnull
                0x00000000001256f4       0x70 c:/devkitpro/devkitarm/bin/../lib/gcc/arm-none-eabi/9.1.0/../../../../arm-none-eabi/lib/armv6k/fpu\libsysbase.a(iosupport.o)
                0x00000000001256f4                dotab_stdnull
 *all.rodata*(*)
 *(.gnu.linkonce.r*)
                0x0000000000125764                . = ALIGN (0x4)

.eh_frame       0x0000000000125764        0x0
 .eh_frame      0x0000000000125764        0x0 c:/devkitpro/devkitarm/bin/../lib/gcc/arm-none-eabi/9.1.0/armv6k/fpu/crtbegin.o

.rel.dyn        0x0000000000125764        0x0
 .rel.iplt      0x0000000000125764        0x0 c:/devkitpro/devkitarm/bin/../lib/gcc/arm-none-eabi/9.1.0/../../../../arm-none-eabi/lib/armv6k/fpu/3dsx_crt0.o

.ARM.extab
 *(.ARM.extab* .gnu.linkonce.armextab.*)
                0x0000000000125764                __exidx_start = .

ARM.exidx
 *(.ARM.exidx* .gnu.linkonce.armexidx.*)
                0x0000000000125764                __exidx_end = .
                0x0000000000126000                . = ALIGN (0x1000)

.data           0x0000000000126000     0x23b8
 *(.data)
 .data          0x0000000000126000        0x4 C:/devkitPro/libctru/lib\libctru.a(stack_adjust.o)
                0x0000000000126000                __stacksize__
 *(.data.*)
 .data.currentConsole
                0x0000000000126004        0x4 C:/devkitPro/libctru/lib\libctru.a(console.o)
                0x0000000000126004                currentConsole
 .data.defaultConsole
                0x0000000000126008       0x4c C:/devkitPro/libctru/lib\libctru.a(console.o)
                0x0000000000126008                defaultConsole
 .data.firstConsoleInit.8429
                0x0000000000126054        0x1 C:/devkitPro/libctru/lib\libctru.a(console.o)
 .data.botFormat
                0x0000000000126055        0x1 C:/devkitPro/libctru/lib\libctru.a(gfx.o)
 *fill*         0x0000000000126056        0x2 
 .data.doubleBuf
                0x0000000000126058        0x8 C:/devkitPro/libctru/lib\libctru.a(gfx.o)
 .data.topFormat
                0x0000000000126060        0x1 C:/devkitPro/libctru/lib\libctru.a(gfx.o)
 *fill*         0x0000000000126061        0x3 
 .data.gspLastEvent
                0x0000000000126064        0x4 C:/devkitPro/libctru/lib\libctru.a(gspgpu.o)
 .data.aptFlags
                0x0000000000126068        0x4 C:/devkitPro/libctru/lib\libctru.a(apt.o)
 .data.aptHomeAllowed
                0x000000000012606c        0x1 C:/devkitPro/libctru/lib\libctru.a(apt.o)
 *fill*         0x000000000012606d        0x3 
 .data.__ctru_linear_heap_size
                0x0000000000126070        0x4 C:/devkitPro/libctru/lib\libctru.a(allocateHeaps.o)
                0x0000000000126070                __ctru_linear_heap_size
 .data.__cwd    0x0000000000126074      0x401 C:/devkitPro/libctru/lib\libctru.a(sdmc_dev.o)
 *fill*         0x0000000000126475        0x3 
 .data.sdmc_devoptab
                0x0000000000126478       0x70 C:/devkitPro/libctru/lib\libctru.a(sdmc_dev.o)
 .data._impure_ptr
                0x00000000001264e8        0x4 c:/devkitpro/devkitarm/bin/../lib/gcc/arm-none-eabi/9.1.0/../../../../arm-none-eabi/lib/armv6k/fpu\libg.a(lib_a-impure.o)
                0x00000000001264e8                _impure_ptr
 *fill*         0x00000000001264ec        0x4 